Archive member included because of file (symbol)

c:/freescale/kds_v3/toolchain/bin/../lib/gcc/arm-none-eabi/4.8.4/armv7e-m/fpu\libgcc.a(_arm_addsubdf3.o)
                              ./Sources/main.o (__aeabi_f2d)
c:/freescale/kds_v3/toolchain/bin/../lib/gcc/arm-none-eabi/4.8.4/armv7e-m/fpu\libgcc.a(_arm_muldivdf3.o)
                              ./Sources/main.o (__aeabi_dmul)
c:/freescale/kds_v3/toolchain/bin/../lib/gcc/arm-none-eabi/4.8.4/armv7e-m/fpu\libgcc.a(_arm_truncdfsf2.o)
                              ./Sources/main.o (__aeabi_d2f)
c:/freescale/kds_v3/toolchain/bin/../lib/gcc/arm-none-eabi/4.8.4/../../../../arm-none-eabi/lib/armv7e-m/fpu\libg_s.a(lib_a-exit.o)
                              c:/freescale/kds_v3/toolchain/bin/../lib/gcc/arm-none-eabi/4.8.4/../../../../arm-none-eabi/lib/armv7e-m/fpu/crt0.o (exit)
c:/freescale/kds_v3/toolchain/bin/../lib/gcc/arm-none-eabi/4.8.4/../../../../arm-none-eabi/lib/armv7e-m/fpu\libg_s.a(lib_a-impure.o)
                              c:/freescale/kds_v3/toolchain/bin/../lib/gcc/arm-none-eabi/4.8.4/../../../../arm-none-eabi/lib/armv7e-m/fpu\libg_s.a(lib_a-exit.o) (_global_impure_ptr)
c:/freescale/kds_v3/toolchain/bin/../lib/gcc/arm-none-eabi/4.8.4/../../../../arm-none-eabi/lib/armv7e-m/fpu\libg_s.a(lib_a-init.o)
                              c:/freescale/kds_v3/toolchain/bin/../lib/gcc/arm-none-eabi/4.8.4/../../../../arm-none-eabi/lib/armv7e-m/fpu/crt0.o (__libc_init_array)
c:/freescale/kds_v3/toolchain/bin/../lib/gcc/arm-none-eabi/4.8.4/../../../../arm-none-eabi/lib/armv7e-m/fpu\libg_s.a(lib_a-memset.o)
                              c:/freescale/kds_v3/toolchain/bin/../lib/gcc/arm-none-eabi/4.8.4/../../../../arm-none-eabi/lib/armv7e-m/fpu/crt0.o (memset)
c:/freescale/kds_v3/toolchain/bin/../lib/gcc/arm-none-eabi/4.8.4/../../../../arm-none-eabi/lib/armv7e-m/fpu\libg_s.a(lib_a-rand.o)
                              ./Sources/main.o (rand)
c:/freescale/kds_v3/toolchain/bin/../lib/gcc/arm-none-eabi/4.8.4/../../../../arm-none-eabi/lib/armv7e-m/fpu\libg_s.a(lib_a-sscanf.o)
                              ./Sources/main.o (sscanf)
c:/freescale/kds_v3/toolchain/bin/../lib/gcc/arm-none-eabi/4.8.4/../../../../arm-none-eabi/lib/armv7e-m/fpu\libg_s.a(lib_a-stdio.o)
                              c:/freescale/kds_v3/toolchain/bin/../lib/gcc/arm-none-eabi/4.8.4/../../../../arm-none-eabi/lib/armv7e-m/fpu\libg_s.a(lib_a-sscanf.o) (__seofread)
c:/freescale/kds_v3/toolchain/bin/../lib/gcc/arm-none-eabi/4.8.4/../../../../arm-none-eabi/lib/armv7e-m/fpu\libg_s.a(lib_a-strcmp.o)
                              ./Sources/main.o (strcmp)
c:/freescale/kds_v3/toolchain/bin/../lib/gcc/arm-none-eabi/4.8.4/../../../../arm-none-eabi/lib/armv7e-m/fpu\libg_s.a(lib_a-strlen.o)
                              c:/freescale/kds_v3/toolchain/bin/../lib/gcc/arm-none-eabi/4.8.4/../../../../arm-none-eabi/lib/armv7e-m/fpu\libg_s.a(lib_a-sscanf.o) (strlen)
c:/freescale/kds_v3/toolchain/bin/../lib/gcc/arm-none-eabi/4.8.4/../../../../arm-none-eabi/lib/armv7e-m/fpu\libg_s.a(lib_a-svfscanf.o)
                              c:/freescale/kds_v3/toolchain/bin/../lib/gcc/arm-none-eabi/4.8.4/../../../../arm-none-eabi/lib/armv7e-m/fpu\libg_s.a(lib_a-sscanf.o) (__ssvfscanf_r)
c:/freescale/kds_v3/toolchain/bin/../lib/gcc/arm-none-eabi/4.8.4/../../../../arm-none-eabi/lib/armv7e-m/fpu\libg_s.a(lib_a-ungetc.o)
                              c:/freescale/kds_v3/toolchain/bin/../lib/gcc/arm-none-eabi/4.8.4/../../../../arm-none-eabi/lib/armv7e-m/fpu\libg_s.a(lib_a-svfscanf.o) (__submore)
c:/freescale/kds_v3/toolchain/bin/../lib/gcc/arm-none-eabi/4.8.4/../../../../arm-none-eabi/lib/armv7e-m/fpu\libg_s.a(lib_a-vfscanf_i.o)
                              c:/freescale/kds_v3/toolchain/bin/../lib/gcc/arm-none-eabi/4.8.4/../../../../arm-none-eabi/lib/armv7e-m/fpu\libg_s.a(lib_a-svfscanf.o) (_scanf_chars)
c:/freescale/kds_v3/toolchain/bin/../lib/gcc/arm-none-eabi/4.8.4/../../../../arm-none-eabi/lib/armv7e-m/fpu\libg_s.a(lib_a-writer.o)
                              c:/freescale/kds_v3/toolchain/bin/../lib/gcc/arm-none-eabi/4.8.4/../../../../arm-none-eabi/lib/armv7e-m/fpu\libg_s.a(lib_a-stdio.o) (_write_r)
c:/freescale/kds_v3/toolchain/bin/../lib/gcc/arm-none-eabi/4.8.4/../../../../arm-none-eabi/lib/armv7e-m/fpu\libg_s.a(lib_a-closer.o)
                              c:/freescale/kds_v3/toolchain/bin/../lib/gcc/arm-none-eabi/4.8.4/../../../../arm-none-eabi/lib/armv7e-m/fpu\libg_s.a(lib_a-stdio.o) (_close_r)
c:/freescale/kds_v3/toolchain/bin/../lib/gcc/arm-none-eabi/4.8.4/../../../../arm-none-eabi/lib/armv7e-m/fpu\libg_s.a(lib_a-ctype_.o)
                              c:/freescale/kds_v3/toolchain/bin/../lib/gcc/arm-none-eabi/4.8.4/../../../../arm-none-eabi/lib/armv7e-m/fpu\libg_s.a(lib_a-svfscanf.o) (__ctype_ptr__)
c:/freescale/kds_v3/toolchain/bin/../lib/gcc/arm-none-eabi/4.8.4/../../../../arm-none-eabi/lib/armv7e-m/fpu\libg_s.a(lib_a-fflush.o)
[...]
Memory Configuration

Name             Origin             Length             Attributes
m_interrupts     0x00000000         0x00000198         xr
m_text           0x00000410         0x0007fbf0         xr
m_data           0x1fff0000         0x00010000         rw
m_data_20000000  0x20000000         0x00010000         rw
m_cfmprotrom     0x00000400         0x00000010         xr
*default*        0x00000000         0xffffffff

Linker script and memory map

LOAD c:/freescale/kds_v3/toolchain/bin/../lib/gcc/arm-none-eabi/4.8.4/armv7e-m/fpu/crti.o
LOAD c:/freescale/kds_v3/toolchain/bin/../lib/gcc/arm-none-eabi/4.8.4/armv7e-m/fpu/crtbegin.o
LOAD c:/freescale/kds_v3/toolchain/bin/../lib/gcc/arm-none-eabi/4.8.4/../../../../arm-none-eabi/lib/armv7e-m/fpu/crt0.o
LOAD ./Static_Code/System/CPU_Init.o
LOAD ./Static_Code/System/Peripherals_Init.o
LOAD ./Static_Code/System/Vectors.o
LOAD ./Sources/Events.o
LOAD ./Sources/main.o
LOAD ./Project_Settings/Startup_Code/startup.o
LOAD ./Generated_Code/AD1.o
LOAD ./Generated_Code/ASerialLdd1.o
LOAD ./Generated_Code/AdcLdd1.o
LOAD ./Generated_Code/BLUE.o
LOAD ./Generated_Code/BitIoLdd1.o
LOAD ./Generated_Code/BitIoLdd2.o
LOAD ./Generated_Code/BitIoLdd3.o
LOAD ./Generated_Code/Cpu.o
LOAD ./Generated_Code/FC321.o
LOAD ./Generated_Code/GREEN.o
LOAD ./Generated_Code/Inhr1.o
LOAD ./Generated_Code/PE_LDD.o
LOAD ./Generated_Code/Pins1.o
LOAD ./Generated_Code/RED.o
LOAD ./Generated_Code/RealTimeLdd1.o
LOAD ./Generated_Code/TU1.o
LOAD ./Generated_Code/Term1.o
LOAD c:/freescale/kds_v3/toolchain/bin/../lib/gcc/arm-none-eabi/4.8.4/../../../../arm-none-eabi/lib/armv7e-m/fpu\libstdc++_s.a
LOAD c:/freescale/kds_v3/toolchain/bin/../lib/gcc/arm-none-eabi/4.8.4/../../../../arm-none-eabi/lib/armv7e-m/fpu\libm.a
START GROUP
LOAD c:/freescale/kds_v3/toolchain/bin/../lib/gcc/arm-none-eabi/4.8.4/armv7e-m/fpu\libgcc.a
LOAD c:/freescale/kds_v3/toolchain/bin/../lib/gcc/arm-none-eabi/4.8.4/../../../../arm-none-eabi/lib/armv7e-m/fpu\libg_s.a
LOAD c:/freescale/kds_v3/toolchain/bin/../lib/gcc/arm-none-eabi/4.8.4/../../../../arm-none-eabi/lib/armv7e-m/fpu\libc_s.a
END GROUP
START GROUP
LOAD c:/freescale/kds_v3/toolchain/bin/../lib/gcc/arm-none-eabi/4.8.4/armv7e-m/fpu\libgcc.a
LOAD c:/freescale/kds_v3/toolchain/bin/../lib/gcc/arm-none-eabi/4.8.4/../../../../arm-none-eabi/lib/armv7e-m/fpu\libc_s.a
LOAD c:/freescale/kds_v3/toolchain/bin/../lib/gcc/arm-none-eabi/4.8.4/../../../../arm-none-eabi/lib/armv7e-m/fpu\libnosys.a
END GROUP
START GROUP
LOAD c:/freescale/kds_v3/toolchain/bin/../lib/gcc/arm-none-eabi/4.8.4/armv7e-m/fpu\libgcc.a
LOAD c:/freescale/kds_v3/toolchain/bin/../lib/gcc/arm-none-eabi/4.8.4/../../../../arm-none-eabi/lib/armv7e-m/fpu\libc_s.a
LOAD c:/freescale/kds_v3/toolchain/bin/../lib/gcc/arm-none-eabi/4.8.4/../../../../arm-none-eabi/lib/armv7e-m/fpu\libnosys.a
END GROUP
LOAD c:/freescale/kds_v3/toolchain/bin/../lib/gcc/arm-none-eabi/4.8.4/armv7e-m/fpu/crtend.o
LOAD c:/freescale/kds_v3/toolchain/bin/../lib/gcc/arm-none-eabi/4.8.4/armv7e-m/fpu/crtn.o
                0x20000000                _estack = 0x20000000
                0x20000000                __SP_INIT = _estack
                0x20000000                __stack = _estack
                0x00000000                __heap_size = 0x0
                0x00000400                __stack_size = 0x400

.interrupts     0x00000000      0x198
                0x00000000                __vector_table = .
                0x00000000                . = ALIGN (0x4)
 *(.vectortable)
 .vectortable   0x00000000      0x198 ./Static_Code/System/Vectors.o
                0x00000000                __vect_table
                0x00000198                . = ALIGN (0x4)

.cfmprotect     0x00000400       0x10
                0x00000400                . = ALIGN (0x4)
 *(.cfmconfig)
 .cfmconfig     0x00000400       0x10 ./Static_Code/System/CPU_Init.o
                0x00000400                _cfm
                0x00000410                . = ALIGN (0x4)

.text           0x00000410     0x3fe4
                0x00000410                . = ALIGN (0x4)
 *(.text)
 .text          0x00000410       0x54 c:/freescale/kds_v3/toolchain/bin/../lib/gcc/arm-none-eabi/4.8.4/armv7e-m/fpu/crtbegin.o
 .text          0x00000464       0x74 c:/freescale/kds_v3/toolchain/bin/../lib/gcc/arm-none-eabi/4.8.4/../../../../arm-none-eabi/lib/armv7e-m/fpu/crt0.o
                0x00000464                _start
                0x00000464                _mainCRTStartup
 .text          0x000004d8      0x370 c:/freescale/kds_v3/toolchain/bin/../lib/gcc/arm-none-eabi/4.8.4/armv7e-m/fpu\libgcc.a(_arm_addsubdf3.o)
                0x000004d8                __aeabi_drsub
                0x000004e0                __aeabi_dsub
                0x000004e0                __subdf3
                0x000004e4                __aeabi_dadd
                0x000004e4                __adddf3
                0x0000075c                __floatunsidf
                0x0000075c                __aeabi_ui2d
                0x0000077c                __floatsidf
                0x0000077c                __aeabi_i2d
                0x000007a0                __aeabi_f2d
                0x000007a0                __extendsfdf2
                0x000007dc                __floatundidf
                0x000007dc                __aeabi_ul2d
                0x000007ec                __floatdidf
                0x000007ec                __aeabi_l2d
 .text          0x00000848      0x424 c:/freescale/kds_v3/toolchain/bin/../lib/gcc/arm-none-eabi/4.8.4/armv7e-m/fpu\libgcc.a(_arm_muldivdf3.o)
                0x00000848                __aeabi_dmul
                0x00000848                __muldf3
                0x00000a9c                __divdf3
                0x00000a9c                __aeabi_ddiv
 .text          0x00000c6c       0xa0 c:/freescale/kds_v3/toolchain/bin/../lib/gcc/arm-none-eabi/4.8.4/armv7e-m/fpu\libgcc.a(_arm_truncdfsf2.o)
                0x00000c6c                __truncdfsf2
                0x00000c6c                __aeabi_d2f
 .text          0x00000d0c       0x14 c:/freescale/kds_v3/toolchain/bin/../lib/gcc/arm-none-eabi/4.8.4/../../../../arm-none-eabi/lib/armv7e-m/fpu\libg_s.a(lib_a-strcmp.o)
                0x00000d0c                strcmp
 *(.text*)
 .text.CPU_SetBASEPRI
                0x00000d20       0x18 ./Static_Code/System/CPU_Init.o
                0x00000d20                CPU_SetBASEPRI
 .text.__init_hardware
                0x00000d38       0xb4 ./Static_Code/System/CPU_Init.o
                0x00000d38                __init_hardware
 .text.PE_low_level_init
                0x00000dec       0x44 ./Static_Code/System/CPU_Init.o
                0x00000dec                PE_low_level_init
 .text.CPU_GetClockGenMode
                0x00000e30       0x90 ./Static_Code/System/CPU_Init.o
                0x00000e30                CPU_GetClockGenMode
 .text.CPU_SetClockConfigGenMode
                0x00000ec0      0x54c ./Static_Code/System/CPU_Init.o
                0x00000ec0                CPU_SetClockConfigGenMode
 .text.UnhandledInterrupt
                0x0000140c       0x18 ./Static_Code/System/Vectors.o
                0x0000140c                UnhandledInterrupt
 .text.Cpu_OnNMI
                0x00001424        0xc ./Sources/Events.o
                0x00001424                Cpu_OnNMI
 .text.Inhr1_OnRxChar
                0x00001430       0x80 ./Sources/Events.o
                0x00001430                Inhr1_OnRxChar
 .text.AD1_OnEnd
                0x000014b0        0xc ./Sources/Events.o
                0x000014b0                AD1_OnEnd
 .text.AD1_OnCalibrationEnd
                0x000014bc        0xc ./Sources/Events.o
                0x000014bc                AD1_OnCalibrationEnd
 .text.delay    0x000014c8       0x38 ./Sources/main.o
                0x000014c8                delay
 .text.GUI_main
                0x00001500       0x68 ./Sources/main.o
                0x00001500                GUI_main
 .text.GUI_clear
                0x00001568       0x38 ./Sources/main.o
                0x00001568                GUI_clear
 .text.raw_adc_calc
                0x000015a0      0x130 ./Sources/main.o
                0x000015a0                raw_adc_calc
 .text.random_LED
                0x000016d0      0x114 ./Sources/main.o
                0x000016d0                random_LED
 .text.main     0x000017e4      0x1f8 ./Sources/main.o
                0x000017e4                main
 .text.__copy_rom_section
                0x000019dc       0xe4 ./Project_Settings/Startup_Code/startup.o
                0x000019dc                __copy_rom_section
 .text.__copy_rom_sections_to_ram
                0x00001ac0       0x9c ./Project_Settings/Startup_Code/startup.o
                0x00001ac0                __copy_rom_sections_to_ram
 .text.__init_registers
                0x00001b5c       0x20 ./Project_Settings/Startup_Code/startup.o
                0x00001b5c                __init_registers
 .text.__init_user
                0x00001b7c        0xc ./Project_Settings/Startup_Code/startup.o
                0x00001b7c                __init_user
 .text.__thumb_startup
                0x00001b88       0x34 ./Project_Settings/Startup_Code/startup.o
                0x00001b88                __thumb_startup
 .text.AD1_HWEnDi
                0x00001bbc       0x44 ./Generated_Code/AD1.o
                0x00001bbc                AD1_HWEnDi
 .text.AD1_Measure
                0x00001c00       0x44 ./Generated_Code/AD1.o
                0x00001c00                AD1_Measure
 .text.AD1_GetValue16
                0x00001c44       0x38 ./Generated_Code/AD1.o
                0x00001c44                AD1_GetValue16
 .text.AdcLdd1_OnMeasurementComplete
                0x00001c7c       0x5c ./Generated_Code/AD1.o
                0x00001c7c                AdcLdd1_OnMeasurementComplete
 .text.AD1_Init
                0x00001cd8       0x2c ./Generated_Code/AD1.o
                0x00001cd8                AD1_Init
 .text.ASerialLdd1_Init
                0x00001d04      0x1d8 ./Generated_Code/ASerialLdd1.o
                0x00001d04                ASerialLdd1_Init
 .text.ASerialLdd1_ReceiveBlock
                0x00001edc       0x90 ./Generated_Code/ASerialLdd1.o
                0x00001edc                ASerialLdd1_ReceiveBlock
 .text.ASerialLdd1_SendBlock
                0x00001f6c       0xbc ./Generated_Code/ASerialLdd1.o
                0x00001f6c                ASerialLdd1_SendBlock
 .text.InterruptRx
                0x00002028       0x58 ./Generated_Code/ASerialLdd1.o
 .text.InterruptTx
                0x00002080       0x80 ./Generated_Code/ASerialLdd1.o
 .text.ASerialLdd1_Interrupt
                0x00002100       0xf4 ./Generated_Code/ASerialLdd1.o
                0x00002100                ASerialLdd1_Interrupt
 .text.ASerialLdd1_GetError
                0x000021f4       0x70 ./Generated_Code/ASerialLdd1.o
                0x000021f4                ASerialLdd1_GetError
 .text.AdcLdd1_Init
                0x00002264       0xec ./Generated_Code/AdcLdd1.o
                0x00002264                AdcLdd1_Init
 .text.AdcLdd1_StartSingleMeasurement
                0x00002350       0x4c ./Generated_Code/AdcLdd1.o
                0x00002350                AdcLdd1_StartSingleMeasurement
 .text.AdcLdd1_CreateSampleGroup
                0x0000239c       0x64 ./Generated_Code/AdcLdd1.o
                0x0000239c                AdcLdd1_CreateSampleGroup
 .text.AdcLdd1_GetMeasuredValues
                0x00002400       0x4c ./Generated_Code/AdcLdd1.o
                0x00002400                AdcLdd1_GetMeasuredValues
 .text.AdcLdd1_GetCalibrationResultStatus
                0x0000244c       0xbc ./Generated_Code/AdcLdd1.o
                0x0000244c                AdcLdd1_GetCalibrationResultStatus
 .text.AdcLdd1_MeasurementCompleteInterrupt
                0x00002508       0x3c ./Generated_Code/AdcLdd1.o
                0x00002508                AdcLdd1_MeasurementCompleteInterrupt
 .text.BitIoLdd1_Init
                0x00002544       0x80 ./Generated_Code/BitIoLdd1.o
                0x00002544                BitIoLdd1_Init
 .text.BitIoLdd1_ClrVal
                0x000025c4       0x1c ./Generated_Code/BitIoLdd1.o
                0x000025c4                BitIoLdd1_ClrVal
 .text.BitIoLdd1_SetVal
                0x000025e0       0x1c ./Generated_Code/BitIoLdd1.o
                0x000025e0                BitIoLdd1_SetVal
 .text.BitIoLdd2_Init
                0x000025fc       0x80 ./Generated_Code/BitIoLdd2.o
                0x000025fc                BitIoLdd2_Init
 .text.BitIoLdd2_ClrVal
                0x0000267c       0x1c ./Generated_Code/BitIoLdd2.o
                0x0000267c                BitIoLdd2_ClrVal
 .text.BitIoLdd2_SetVal
                0x00002698       0x1c ./Generated_Code/BitIoLdd2.o
                0x00002698                BitIoLdd2_SetVal
 .text.BitIoLdd3_Init
                0x000026b4       0x80 ./Generated_Code/BitIoLdd3.o
                0x000026b4                BitIoLdd3_Init
 .text.BitIoLdd3_ClrVal
                0x00002734       0x1c ./Generated_Code/BitIoLdd3.o
                0x00002734                BitIoLdd3_ClrVal
 .text.BitIoLdd3_SetVal
                0x00002750       0x1c ./Generated_Code/BitIoLdd3.o
                0x00002750                BitIoLdd3_SetVal
 .text.Components_Init
                0x0000276c       0x28 ./Generated_Code/Cpu.o
                0x0000276c                Components_Init
 .text.Cpu_INT_NMIInterrupt
                0x00002794       0x1c ./Generated_Code/Cpu.o
                0x00002794                Cpu_INT_NMIInterrupt
 .text.HWEnDi   0x000027b0       0x1c ./Generated_Code/Inhr1.o
 .text.Inhr1_RecvChar
                0x000027cc       0xd8 ./Generated_Code/Inhr1.o
                0x000027cc                Inhr1_RecvChar
 .text.Inhr1_SendChar
                0x000028a4       0xdc ./Generated_Code/Inhr1.o
                0x000028a4                Inhr1_SendChar
 .text.Inhr1_Init
                0x00002980       0x60 ./Generated_Code/Inhr1.o
                0x00002980                Inhr1_Init
 .text.ASerialLdd1_OnBlockReceived
                0x000029e0       0x90 ./Generated_Code/Inhr1.o
                0x000029e0                ASerialLdd1_OnBlockReceived
 .text.ASerialLdd1_OnBlockSent
                0x00002a70       0x88 ./Generated_Code/Inhr1.o
                0x00002a70                ASerialLdd1_OnBlockSent
 .text.ASerialLdd1_OnError
                0x00002af8       0x98 ./Generated_Code/Inhr1.o
                0x00002af8                ASerialLdd1_OnError
 .text.ASerialLdd1_OnBreak
                0x00002b90       0x24 ./Generated_Code/Inhr1.o
                0x00002b90                ASerialLdd1_OnBreak
 .text.RealTimeLdd1_Init
                0x00002bb4       0x5c ./Generated_Code/RealTimeLdd1.o
                0x00002bb4                RealTimeLdd1_Init
 .text.RealTimeLdd1_Reset
                0x00002c10       0x74 ./Generated_Code/RealTimeLdd1.o
                0x00002c10                RealTimeLdd1_Reset
 .text.RealTimeLdd1_GetTimeMS
                0x00002c84       0xc0 ./Generated_Code/RealTimeLdd1.o
                0x00002c84                RealTimeLdd1_GetTimeMS
 .text.TU1_OnCounterRestart
                0x00002d44       0x34 ./Generated_Code/RealTimeLdd1.o
                0x00002d44                TU1_OnCounterRestart
 .text.TU1_Init
                0x00002d78       0xf8 ./Generated_Code/TU1.o
                0x00002d78                TU1_Init
 .text.TU1_ResetCounter
                0x00002e70       0x20 ./Generated_Code/TU1.o
                0x00002e70                TU1_ResetCounter
 .text.TU1_Interrupt
                0x00002e90       0x6c ./Generated_Code/TU1.o
                0x00002e90                TU1_Interrupt
 .text.Term1_SendChar
                0x00002efc       0x20 ./Generated_Code/Term1.o
                0x00002efc                Term1_SendChar
 .text.SendESCPrefix
                0x00002f1c       0x24 ./Generated_Code/Term1.o
 .text.Term1_SendStr
                0x00002f40       0x34 ./Generated_Code/Term1.o
                0x00002f40                Term1_SendStr
 .text.LongToStr
                0x00002f74       0xf4 ./Generated_Code/Term1.o
 .text.Term1_SendNum
                0x00003068       0x54 ./Generated_Code/Term1.o
                0x00003068                Term1_SendNum
 .text.FloatToStr
                0x000030bc      0x1d4 ./Generated_Code/Term1.o
 .text.Term1_SendFloatNum
                0x00003290       0x68 ./Generated_Code/Term1.o
                0x00003290                Term1_SendFloatNum
 .text.Term1_Cls
                0x000032f8       0x28 ./Generated_Code/Term1.o
                0x000032f8                Term1_Cls
 .text.Term1_MoveTo
                0x00003320       0x44 ./Generated_Code/Term1.o
                0x00003320                Term1_MoveTo
 .text.Term1_SetColor
                0x00003364       0x64 ./Generated_Code/Term1.o
                0x00003364                Term1_SetColor
 .text.Term1_EraseLine
                0x000033c8       0x18 ./Generated_Code/Term1.o
                0x000033c8                Term1_EraseLine
 .text.exit     0x000033e0       0x28 c:/freescale/kds_v3/toolchain/bin/../lib/gcc/arm-none-eabi/4.8.4/../../../../arm-none-eabi/lib/armv7e-m/fpu\libg_s.a(lib_a-exit.o)
                0x000033e0                exit
 .text.__libc_init_array
                0x00003408       0x4c c:/freescale/kds_v3/toolchain/bin/../lib/gcc/arm-none-eabi/4.8.4/../../../../arm-none-eabi/lib/armv7e-m/fpu\libg_s.a(lib_a-init.o)
                0x00003408                __libc_init_array
 .text.memset   0x00003454       0x10 c:/freescale/kds_v3/toolchain/bin/../lib/gcc/arm-none-eabi/4.8.4/../../../../arm-none-eabi/lib/armv7e-m/fpu\libg_s.a(lib_a-memset.o)
                0x00003454                memset
 .text.rand     0x00003464       0x74 c:/freescale/kds_v3/toolchain/bin/../lib/gcc/arm-none-eabi/4.8.4/../../../../arm-none-eabi/lib/armv7e-m/fpu\libg_s.a(lib_a-rand.o)
                0x00003464                rand
 .text.sscanf   0x000034d8       0x54 c:/freescale/kds_v3/toolchain/bin/../lib/gcc/arm-none-eabi/4.8.4/../../../../arm-none-eabi/lib/armv7e-m/fpu\libg_s.a(lib_a-sscanf.o)
                0x000034d8                siscanf
                0x000034d8                sscanf
 .text.__seofread
                0x0000352c        0x4 c:/freescale/kds_v3/toolchain/bin/../lib/gcc/arm-none-eabi/4.8.4/../../../../arm-none-eabi/lib/armv7e-m/fpu\libg_s.a(lib_a-stdio.o)
                0x0000352c                __seofread
 .text.strlen   0x00003530       0x10 c:/freescale/kds_v3/toolchain/bin/../lib/gcc/arm-none-eabi/4.8.4/../../../../arm-none-eabi/lib/armv7e-m/fpu\libg_s.a(lib_a-strlen.o)
                0x00003530                strlen
 .text._sungetc_r
                0x00003540       0x7a c:/freescale/kds_v3/toolchain/bin/../lib/gcc/arm-none-eabi/4.8.4/../../../../arm-none-eabi/lib/armv7e-m/fpu\libg_s.a(lib_a-svfscanf.o)
                0x00003540                _sungetc_r
 .text.__ssrefill_r
                0x000035ba       0x3a c:/freescale/kds_v3/toolchain/bin/../lib/gcc/arm-none-eabi/4.8.4/../../../../arm-none-eabi/lib/armv7e-m/fpu\libg_s.a(lib_a-svfscanf.o)
                0x000035ba                __ssrefill_r
 .text.__ssvfscanf_r
                0x000035f4      0x29c c:/freescale/kds_v3/toolchain/bin/../lib/gcc/arm-none-eabi/4.8.4/../../../../arm-none-eabi/lib/armv7e-m/fpu\libg_s.a(lib_a-svfscanf.o)
                0x000035f4                __ssvfiscanf_r
                0x000035f4                __ssvfscanf_r
 .text.__submore
                0x00003890       0x76 c:/freescale/kds_v3/toolchain/bin/../lib/gcc/arm-none-eabi/4.8.4/../../../../arm-none-eabi/lib/armv7e-m/fpu\libg_s.a(lib_a-ungetc.o)
                0x00003890                __submore
 *fill*         0x00003906        0x2 
 .text._scanf_chars
                0x00003908       0xc0 c:/freescale/kds_v3/toolchain/bin/../lib/gcc/arm-none-eabi/4.8.4/../../../../arm-none-eabi/lib/armv7e-m/fpu\libg_s.a(lib_a-vfscanf_i.o)
                0x00003908                _scanf_chars
 .text._scanf_i
                0x000039c8      0x1ec c:/freescale/kds_v3/toolchain/bin/../lib/gcc/arm-none-eabi/4.8.4/../../../../arm-none-eabi/lib/armv7e-m/fpu\libg_s.a(lib_a-vfscanf_i.o)
                0x000039c8                _scanf_i
 .text.malloc   0x00003bb4       0x10 c:/freescale/kds_v3/toolchain/bin/../lib/gcc/arm-none-eabi/4.8.4/../../../../arm-none-eabi/lib/armv7e-m/fpu\libg_s.a(lib_a-malloc.o)
                0x00003bb4                malloc
 .text.memchr   0x00003bc4       0x1e c:/freescale/kds_v3/toolchain/bin/../lib/gcc/arm-none-eabi/4.8.4/../../../../arm-none-eabi/lib/armv7e-m/fpu\libg_s.a(lib_a-memchr-stub.o)
                0x00003bc4                memchr
 .text.memcpy   0x00003be2       0x12 c:/freescale/kds_v3/toolchain/bin/../lib/gcc/arm-none-eabi/4.8.4/../../../../arm-none-eabi/lib/armv7e-m/fpu\libg_s.a(lib_a-memcpy-stub.o)
                0x00003be2                memcpy
 .text._free_r  0x00003bf4       0x88 c:/freescale/kds_v3/toolchain/bin/../lib/gcc/arm-none-eabi/4.8.4/../../../../arm-none-eabi/lib/armv7e-m/fpu\libg_s.a(lib_a-nano-freer.o)
                0x00003bf4                _free_r
 .text._malloc_r
                0x00003c7c       0xa8 c:/freescale/kds_v3/toolchain/bin/../lib/gcc/arm-none-eabi/4.8.4/../../../../arm-none-eabi/lib/armv7e-m/fpu\libg_s.a(lib_a-nano-mallocr.o)
                0x00003c7c                _malloc_r
 .text._realloc_r
                0x00003d24       0x4c c:/freescale/kds_v3/toolchain/bin/../lib/gcc/arm-none-eabi/4.8.4/../../../../arm-none-eabi/lib/armv7e-m/fpu\libg_s.a(lib_a-nano-reallocr.o)
                0x00003d24                _realloc_r
 .text._sbrk_r  0x00003d70       0x20 c:/freescale/kds_v3/toolchain/bin/../lib/gcc/arm-none-eabi/4.8.4/../../../../arm-none-eabi/lib/armv7e-m/fpu\libg_s.a(lib_a-sbrkr.o)
                0x00003d70                _sbrk_r
 .text.__sccl   0x00003d90       0x64 c:/freescale/kds_v3/toolchain/bin/../lib/gcc/arm-none-eabi/4.8.4/../../../../arm-none-eabi/lib/armv7e-m/fpu\libg_s.a(lib_a-sccl.o)
                0x00003d90                __sccl
 .text._strtol_r
                0x00003df4      0x104 c:/freescale/kds_v3/toolchain/bin/../lib/gcc/arm-none-eabi/4.8.4/../../../../arm-none-eabi/lib/armv7e-m/fpu\libg_s.a(lib_a-strtol.o)
                0x00003df4                _strtol_r
 .text._strtoul_r
                0x00003ef8       0xf0 c:/freescale/kds_v3/toolchain/bin/../lib/gcc/arm-none-eabi/4.8.4/../../../../arm-none-eabi/lib/armv7e-m/fpu\libg_s.a(lib_a-strtoul.o)
                0x00003ef8                _strtoul_r
 .text._malloc_usable_size_r
                0x00003fe8       0x12 c:/freescale/kds_v3/toolchain/bin/../lib/gcc/arm-none-eabi/4.8.4/../../../../arm-none-eabi/lib/armv7e-m/fpu\libg_s.a(lib_a-nano-msizer.o)
                0x00003fe8                _malloc_usable_size_r
 *fill*         0x00003ffa        0x2 
 .text._sbrk    0x00003ffc       0x34 c:/freescale/kds_v3/toolchain/bin/../lib/gcc/arm-none-eabi/4.8.4/../../../../arm-none-eabi/lib/armv7e-m/fpu\libnosys.a(sbrk.o)
                0x00003ffc                _sbrk
 .text._exit    0x00004030        0x4 c:/freescale/kds_v3/toolchain/bin/../lib/gcc/arm-none-eabi/4.8.4/../../../../arm-none-eabi/lib/armv7e-m/fpu\libnosys.a(_exit.o)
                0x00004030                _exit
 *(.rodata)
 .rodata        0x00004034      0x118 ./Sources/main.o
 .rodata        0x0000414c        0xc c:/freescale/kds_v3/toolchain/bin/../lib/gcc/arm-none-eabi/4.8.4/../../../../arm-none-eabi/lib/armv7e-m/fpu\libg_s.a(lib_a-vfscanf_i.o)
 *(.rodata*)
 .rodata.ClockGenModeMatrix
                0x00004158       0x80 ./Static_Code/System/CPU_Init.o
 .rodata.CPU_ClockConfigDescriptors
                0x000041d8       0x1c ./Static_Code/System/CPU_Init.o
 .rodata.CPU_DefaultFEI
                0x000041f4        0x8 ./Static_Code/System/CPU_Init.o
 .rodata.CPU_DefaultFBI
                0x000041fc        0x8 ./Static_Code/System/CPU_Init.o
 .rodata.CPU_DefaultBLPI
                0x00004204        0x8 ./Static_Code/System/CPU_Init.o
 .rodata.CPU_DefaultFEE
                0x0000420c        0x8 ./Static_Code/System/CPU_Init.o
 .rodata.CPU_DefaultFBE
                0x00004214        0x8 ./Static_Code/System/CPU_Init.o
 .rodata.CPU_DefaultBLPE
                0x0000421c        0x8 ./Static_Code/System/CPU_Init.o
 .rodata.CPU_DefaultPBE
                0x00004224        0x8 ./Static_Code/System/CPU_Init.o
 .rodata.CPU_DefaultPEE
                0x0000422c        0x8 ./Static_Code/System/CPU_Init.o
 .rodata.CPU_ClockGenModeRegs
                0x00004234       0x20 ./Static_Code/System/CPU_Init.o
 .rodata.str1.1
                0x00004254        0x2 c:/freescale/kds_v3/toolchain/bin/../lib/gcc/arm-none-eabi/4.8.4/../../../../arm-none-eabi/lib/armv7e-m/fpu\libg_s.a(lib_a-impure.o)
 *fill*         0x00004256        0x2 
 .rodata._global_impure_ptr
                0x00004258        0x4 c:/freescale/kds_v3/toolchain/bin/../lib/gcc/arm-none-eabi/4.8.4/../../../../arm-none-eabi/lib/armv7e-m/fpu\libg_s.a(lib_a-impure.o)
                0x00004258                _global_impure_ptr
 .rodata.str1.1
                0x0000425c        0x4 c:/freescale/kds_v3/toolchain/bin/../lib/gcc/arm-none-eabi/4.8.4/../../../../arm-none-eabi/lib/armv7e-m/fpu\libg_s.a(lib_a-svfscanf.o)
 .rodata.str1.1
                0x00004260       0x1b c:/freescale/kds_v3/toolchain/bin/../lib/gcc/arm-none-eabi/4.8.4/../../../../arm-none-eabi/lib/armv7e-m/fpu\libg_s.a(lib_a-vfscanf_i.o)
 .rodata._ctype_
                0x0000427b      0x101 c:/freescale/kds_v3/toolchain/bin/../lib/gcc/arm-none-eabi/4.8.4/../../../../arm-none-eabi/lib/armv7e-m/fpu\libg_s.a(lib_a-ctype_.o)
                0x0000427b                _ctype_
 .rodata.__sf_fake_stdin
                0x0000437c       0x20 c:/freescale/kds_v3/toolchain/bin/../lib/gcc/arm-none-eabi/4.8.4/../../../../arm-none-eabi/lib/armv7e-m/fpu\libg_s.a(lib_a-findfp.o)
                0x0000437c                __sf_fake_stdin
 .rodata.__sf_fake_stdout
                0x0000439c       0x20 c:/freescale/kds_v3/toolchain/bin/../lib/gcc/arm-none-eabi/4.8.4/../../../../arm-none-eabi/lib/armv7e-m/fpu\libg_s.a(lib_a-findfp.o)
                0x0000439c                __sf_fake_stdout
 .rodata.__sf_fake_stderr
                0x000043bc       0x20 c:/freescale/kds_v3/toolchain/bin/../lib/gcc/arm-none-eabi/4.8.4/../../../../arm-none-eabi/lib/armv7e-m/fpu\libg_s.a(lib_a-findfp.o)
                0x000043bc                __sf_fake_stderr
 *(.glue_7)
 .glue_7        0x00000000        0x0 linker stubs
 *(.glue_7t)
 .glue_7t       0x00000000        0x0 linker stubs
 *(.eh_frame)
 .eh_frame      0x000043dc        0x0 c:/freescale/kds_v3/toolchain/bin/../lib/gcc/arm-none-eabi/4.8.4/armv7e-m/fpu/crtbegin.o
 *(.init)
 .init          0x000043dc        0x4 c:/freescale/kds_v3/toolchain/bin/../lib/gcc/arm-none-eabi/4.8.4/armv7e-m/fpu/crti.o
                0x000043dc                _init
 .init          0x000043e0        0x8 c:/freescale/kds_v3/toolchain/bin/../lib/gcc/arm-none-eabi/4.8.4/armv7e-m/fpu/crtn.o
 *(.fini)
 .fini          0x000043e8        0x4 c:/freescale/kds_v3/toolchain/bin/../lib/gcc/arm-none-eabi/4.8.4/armv7e-m/fpu/crti.o
                0x000043e8                _fini
 .fini          0x000043ec        0x8 c:/freescale/kds_v3/toolchain/bin/../lib/gcc/arm-none-eabi/4.8.4/armv7e-m/fpu/crtn.o
                0x000043f4                . = ALIGN (0x4)
                0x000043f4                _etext = .

.vfp11_veneer   0x000043f4        0x0
 .vfp11_veneer  0x00000000        0x0 linker stubs

.v4_bx          0x000043f4        0x0
 .v4_bx         0x00000000        0x0 linker stubs

.iplt           0x000043f4        0x0
 .iplt          0x00000000        0x0 c:/freescale/kds_v3/toolchain/bin/../lib/gcc/arm-none-eabi/4.8.4/armv7e-m/fpu/crtbegin.o

.ARM.extab
 *(.ARM.extab* .gnu.linkonce.armextab.*)

.ARM            0x000043f4        0x8
                0x000043f4                __exidx_start = .
 *(.ARM.exidx*)
 .ARM.exidx     0x000043f4        0x8 c:/freescale/kds_v3/toolchain/bin/../lib/gcc/arm-none-eabi/4.8.4/../../../../arm-none-eabi/lib/armv7e-m/fpu/crt0.o
                0x000043fc                __exidx_end = .

.rel.dyn        0x000043fc        0x0
 .rel.iplt      0x00000000        0x0 c:/freescale/kds_v3/toolchain/bin/../lib/gcc/arm-none-eabi/4.8.4/armv7e-m/fpu/crtbegin.o

.ctors          0x000043fc        0x0
                0x000043fc                __CTOR_LIST__ = .
 *crtbegin.o(.ctors)
 *(EXCLUDE_FILE(*crtend.o) .ctors)
 *(SORT(.ctors.*))
 *(.ctors)
                0x000043fc                __CTOR_END__ = .

.dtors          0x000043fc        0x0
                0x000043fc                __DTOR_LIST__ = .
 *crtbegin.o(.dtors)
 *(EXCLUDE_FILE(*crtend.o) .dtors)
 *(SORT(.dtors.*))
 *(.dtors)
                0x000043fc                __DTOR_END__ = .

.preinit_array  0x000043fc        0x0
                0x000043fc                PROVIDE (__preinit_array_start, .)
 *(.preinit_array*)
                0x000043fc                PROVIDE (__preinit_array_end, .)

.init_array     0x000043fc        0x4
                0x000043fc                PROVIDE (__init_array_start, .)
 *(SORT(.init_array.*))
 *(.init_array*)
 .init_array    0x000043fc        0x4 c:/freescale/kds_v3/toolchain/bin/../lib/gcc/arm-none-eabi/4.8.4/armv7e-m/fpu/crtbegin.o
                0x00004400                PROVIDE (__init_array_end, .)

.fini_array     0x00004400        0x4
                0x00004400                PROVIDE (__fini_array_start, .)
 *(SORT(.fini_array.*))
 *(.fini_array*)
 .fini_array    0x00004400        0x4 c:/freescale/kds_v3/toolchain/bin/../lib/gcc/arm-none-eabi/4.8.4/armv7e-m/fpu/crtbegin.o
                0x00004404                PROVIDE (__fini_array_end, .)
                0x00004404                ___ROM_AT = .

.data           0x1fff0000       0x68 load address 0x00004404
                0x1fff0000                . = ALIGN (0x4)
                0x1fff0000                _sdata = .
 *(.data)
 *(.data*)
 .data.impure_data
                0x1fff0000       0x60 c:/freescale/kds_v3/toolchain/bin/../lib/gcc/arm-none-eabi/4.8.4/../../../../arm-none-eabi/lib/armv7e-m/fpu\libg_s.a(lib_a-impure.o)
 .data._impure_ptr
                0x1fff0060        0x4 c:/freescale/kds_v3/toolchain/bin/../lib/gcc/arm-none-eabi/4.8.4/../../../../arm-none-eabi/lib/armv7e-m/fpu\libg_s.a(lib_a-impure.o)
                0x1fff0060                _impure_ptr
 .data.__ctype_ptr__
                0x1fff0064        0x4 c:/freescale/kds_v3/toolchain/bin/../lib/gcc/arm-none-eabi/4.8.4/../../../../arm-none-eabi/lib/armv7e-m/fpu\libg_s.a(lib_a-ctype_.o)
                0x1fff0064                __ctype_ptr__
                0x1fff0068                . = ALIGN (0x4)
                0x1fff0068                _edata = .
                0x00000068                ___data_size = (_edata - _sdata)
                0x0000446c                ___m_data_20000000_ROMStart = (___ROM_AT + SIZEOF (.data))

.jcr            0x1fff0068        0x0 load address 0x0000446c
 .jcr           0x1fff0068        0x0 c:/freescale/kds_v3/toolchain/bin/../lib/gcc/arm-none-eabi/4.8.4/armv7e-m/fpu/crtbegin.o

.igot.plt       0x1fff0068        0x0 load address 0x0000446c
 .igot.plt      0x00000000        0x0 c:/freescale/kds_v3/toolchain/bin/../lib/gcc/arm-none-eabi/4.8.4/armv7e-m/fpu/crtbegin.o

.m_data_20000000
                0x20000000        0x0 load address 0x0000446c
                0x20000000                . = ALIGN (0x4)
                0x20000000                ___m_data_20000000_RAMStart = .
 *(.m_data_20000000)
                0x20000000                ___m_data_20000000_RAMEnd = .
                0x20000000                . = ALIGN (0x4)
                0x00000000                ___m_data_20000000_ROMSize = (___m_data_20000000_RAMEnd - ___m_data_20000000_RAMStart)
                0x20000000                . = ALIGN (0x4)

.bss            0x1fff0068      0x174 load address 0x0000446c
                0x1fff0068                __START_BSS = .
                0x1fff0068                PROVIDE (__bss_start__, __START_BSS)
 *(.bss)
 .bss           0x1fff0068       0x1c c:/freescale/kds_v3/toolchain/bin/../lib/gcc/arm-none-eabi/4.8.4/armv7e-m/fpu/crtbegin.o
 *(.bss*)
 .bss.SR_lock   0x1fff0084        0x1 ./Static_Code/System/CPU_Init.o
                0x1fff0084                SR_lock
 .bss.index     0x1fff0085        0x1 ./Sources/main.o
                0x1fff0085                index
 .bss.enter     0x1fff0086        0x1 ./Sources/main.o
                0x1fff0086                enter
 .bss.ModeFlg   0x1fff0087        0x1 ./Generated_Code/AD1.o
 .bss.SampleGroup
                0x1fff0088        0x4 ./Generated_Code/AD1.o
 .bss.OutFlg    0x1fff008c        0x1 ./Generated_Code/AD1.o
 *fill*         0x1fff008d        0x3 
 .bss.DeviceDataPrv__DEFAULT_RTOS_ALLOC
                0x1fff0090       0x20 ./Generated_Code/ASerialLdd1.o
 .bss.INT_UART1_RX_TX__DEFAULT_RTOS_ISRPARAM
                0x1fff00b0        0x4 ./Generated_Code/ASerialLdd1.o
 .bss.INT_UART1_ERR__DEFAULT_RTOS_ISRPARAM
                0x1fff00b4        0x4 ./Generated_Code/ASerialLdd1.o
 .bss.DeviceDataPrv__DEFAULT_RTOS_ALLOC
                0x1fff00b8        0x8 ./Generated_Code/AdcLdd1.o
 .bss.INT_ADC1__DEFAULT_RTOS_ISRPARAM
                0x1fff00c0        0x4 ./Generated_Code/AdcLdd1.o
 .bss.DeviceDataPrv__DEFAULT_RTOS_ALLOC
                0x1fff00c4        0x4 ./Generated_Code/BitIoLdd1.o
 .bss.DeviceDataPrv__DEFAULT_RTOS_ALLOC
                0x1fff00c8        0x4 ./Generated_Code/BitIoLdd2.o
 .bss.DeviceDataPrv__DEFAULT_RTOS_ALLOC
                0x1fff00cc        0x4 ./Generated_Code/BitIoLdd3.o
 .bss.SerFlag   0x1fff00d0        0x2 ./Generated_Code/Inhr1.o
 .bss.Inhr1_InpLen
                0x1fff00d2        0x2 ./Generated_Code/Inhr1.o
 .bss.InpIndexR
                0x1fff00d4        0x2 ./Generated_Code/Inhr1.o
 .bss.InpIndexW
                0x1fff00d6        0x2 ./Generated_Code/Inhr1.o
 .bss.InpBuffer
                0x1fff00d8       0x14 ./Generated_Code/Inhr1.o
 .bss.BufferRead
                0x1fff00ec        0x1 ./Generated_Code/Inhr1.o
 *fill*         0x1fff00ed        0x1 
 .bss.Inhr1_OutLen
                0x1fff00ee        0x2 ./Generated_Code/Inhr1.o
 .bss.OutIndexR
                0x1fff00f0        0x2 ./Generated_Code/Inhr1.o
 .bss.OutIndexW
                0x1fff00f2        0x2 ./Generated_Code/Inhr1.o
 .bss.OutBuffer
                0x1fff00f4       0x14 ./Generated_Code/Inhr1.o
 .bss.PE_LDD_DeviceDataList
                0x1fff0108       0x1c ./Generated_Code/PE_LDD.o
                0x1fff0108                PE_LDD_DeviceDataList
 .bss.DeviceDataPrv__DEFAULT_RTOS_ALLOC
                0x1fff0124       0x14 ./Generated_Code/RealTimeLdd1.o
 .bss.DeviceDataPrv__DEFAULT_RTOS_ALLOC
                0x1fff0138        0xc ./Generated_Code/TU1.o
 .bss.INT_FTM0__DEFAULT_RTOS_ISRPARAM
                0x1fff0144        0x4 ./Generated_Code/TU1.o
 .bss.__malloc_sbrk_start
                0x1fff0148        0x4 c:/freescale/kds_v3/toolchain/bin/../lib/gcc/arm-none-eabi/4.8.4/../../../../arm-none-eabi/lib/armv7e-m/fpu\libg_s.a(lib_a-nano-mallocr.o)
                0x1fff0148                __malloc_sbrk_start
 .bss.__malloc_free_list
                0x1fff014c        0x4 c:/freescale/kds_v3/toolchain/bin/../lib/gcc/arm-none-eabi/4.8.4/../../../../arm-none-eabi/lib/armv7e-m/fpu\libg_s.a(lib_a-nano-mallocr.o)
                0x1fff014c                __malloc_free_list
 .bss.heap_end.4246
                0x1fff0150        0x4 c:/freescale/kds_v3/toolchain/bin/../lib/gcc/arm-none-eabi/4.8.4/../../../../arm-none-eabi/lib/armv7e-m/fpu\libnosys.a(sbrk.o)
 *(COMMON)
 COMMON         0x1fff0154        0x1 ./Static_Code/System/CPU_Init.o
                0x1fff0154                SR_reg
 *fill*         0x1fff0155        0x3 
 COMMON         0x1fff0158       0x72 ./Sources/main.o
                0x1fff0158                t
                0x1fff015c                vec
                0x1fff0160                voltage
                0x1fff0164                buffer
                0x1fff01c8                raw_adc
 *fill*         0x1fff01ca        0x2 
 COMMON         0x1fff01cc        0x8 ./Generated_Code/AD1.o
                0x1fff01cc                AD1_OutV
                0x1fff01d0                AdcLdd1_DeviceDataPtr
 COMMON         0x1fff01d4        0x4 ./Generated_Code/Inhr1.o
                0x1fff01d4                ASerialLdd1_DeviceDataPtr
 COMMON         0x1fff01d8        0x4 c:/freescale/kds_v3/toolchain/bin/../lib/gcc/arm-none-eabi/4.8.4/../../../../arm-none-eabi/lib/armv7e-m/fpu\libg_s.a(lib_a-reent.o)
                0x1fff01d8                errno
                0x1fff01dc                . = ALIGN (0x4)
                0x1fff01dc                __END_BSS = .
                0x1fff01dc                PROVIDE (__bss_end__, __END_BSS)
                0x0000446c                _romp_at = ((___ROM_AT + SIZEOF (.data)) + SIZEOF (.m_data_20000000))

.romp           0x1fff01dc       0x24 load address 0x0000446c
                0x0000446c                __S_romp = _romp_at
                0x1fff01dc        0x4 LONG 0x4404 ___ROM_AT
                0x1fff01e0        0x4 LONG 0x1fff0000 _sdata
                0x1fff01e4        0x4 LONG 0x68 ___data_size
                0x1fff01e8        0x4 LONG 0x446c ___m_data_20000000_ROMStart
                0x1fff01ec        0x4 LONG 0x20000000 ___m_data_20000000_RAMStart
                0x1fff01f0        0x4 LONG 0x0 ___m_data_20000000_ROMSize
                0x1fff01f4        0x4 LONG 0x0
                0x1fff01f8        0x4 LONG 0x0
                0x1fff01fc        0x4 LONG 0x0
                0x00080000                text_end = (ORIGIN (m_text) + 0x7fbf0)
                0x00004490                data_init_end = ((___m_data_20000000_ROMStart + SIZEOF (.m_data_20000000)) + SIZEOF (.romp))
                0x00000001                ASSERT ((data_init_end <= text_end), region m_text overflowed with text and data)

._user_heap_stack
                0x1fff0200      0x400 load address 0x00004490
                0x1fff0200                . = ALIGN (0x4)
                0x1fff0200                PROVIDE (end, .)
                0x1fff0200                PROVIDE (_end, .)
                0x1fff0200                PROVIDE (__end__, .)
                0x1fff0200                __heap_addr = .
                0x1fff0200                __HeapBase = .
                0x1fff0200                . = (. + __heap_size)
                0x1fff0200                __HeapLimit = .
                0x1fff0600                . = (. + __stack_size)
 *fill*         0x1fff0200      0x400 
                0x1fff0600                . = ALIGN (0x4)

.ARM.attributes
                0x00000000       0x30
 *(.ARM.attributes)
 .ARM.attributes
                0x00000000       0x22 c:/freescale/kds_v3/toolchain/bin/../lib/gcc/arm-none-eabi/4.8.4/armv7e-m/fpu/crti.o
 .ARM.attributes
                0x00000022       0x34 c:/freescale/kds_v3/toolchain/bin/../lib/gcc/arm-none-eabi/4.8.4/armv7e-m/fpu/crtbegin.o
 .ARM.attributes
                0x00000056       0x20 c:/freescale/kds_v3/toolchain/bin/../lib/gcc/arm-none-eabi/4.8.4/../../../../arm-none-eabi/lib/armv7e-m/fpu/crt0.o
 .ARM.attributes
                0x00000076       0x39 ./Static_Code/System/CPU_Init.o
 .ARM.attributes
                0x000000af       0x39 ./Static_Code/System/Vectors.o
 .ARM.attributes
                0x000000e8       0x39 ./Sources/Events.o
 .ARM.attributes
                0x00000121       0x39 ./Sources/main.o
 .ARM.attributes
                0x0000015a       0x39 ./Project_Settings/Startup_Code/startup.o
 .ARM.attributes
                0x00000193       0x39 ./Generated_Code/AD1.o
 .ARM.attributes
                0x000001cc       0x39 ./Generated_Code/ASerialLdd1.o
 .ARM.attributes
                0x00000205       0x39 ./Generated_Code/AdcLdd1.o
 .ARM.attributes
                0x0000023e       0x39 ./Generated_Code/BitIoLdd1.o
 .ARM.attributes
                0x00000277       0x39 ./Generated_Code/BitIoLdd2.o
 .ARM.attributes
                0x000002b0       0x39 ./Generated_Code/BitIoLdd3.o
 .ARM.attributes
                0x000002e9       0x39 ./Generated_Code/Cpu.o
 .ARM.attributes
                0x00000322       0x39 ./Generated_Code/Inhr1.o
 .ARM.attributes
                0x0000035b       0x39 ./Generated_Code/PE_LDD.o
 .ARM.attributes
                0x00000394       0x39 ./Generated_Code/RealTimeLdd1.o
 .ARM.attributes
                0x000003cd       0x39 ./Generated_Code/TU1.o
 .ARM.attributes
                0x00000406       0x39 ./Generated_Code/Term1.o
 .ARM.attributes
                0x0000043f       0x22 c:/freescale/kds_v3/toolchain/bin/../lib/gcc/arm-none-eabi/4.8.4/armv7e-m/fpu\libgcc.a(_arm_addsubdf3.o)
 .ARM.attributes
                0x00000461       0x22 c:/freescale/kds_v3/toolchain/bin/../lib/gcc/arm-none-eabi/4.8.4/armv7e-m/fpu\libgcc.a(_arm_muldivdf3.o)
 .ARM.attributes
                0x00000483       0x22 c:/freescale/kds_v3/toolchain/bin/../lib/gcc/arm-none-eabi/4.8.4/armv7e-m/fpu\libgcc.a(_arm_truncdfsf2.o)
 .ARM.attributes
                0x000004a5       0x34 c:/freescale/kds_v3/toolchain/bin/../lib/gcc/arm-none-eabi/4.8.4/../../../../arm-none-eabi/lib/armv7e-m/fpu\libg_s.a(lib_a-exit.o)
 .ARM.attributes
                0x000004d9       0x34 c:/freescale/kds_v3/toolchain/bin/../lib/gcc/arm-none-eabi/4.8.4/../../../../arm-none-eabi/lib/armv7e-m/fpu\libg_s.a(lib_a-impure.o)
 .ARM.attributes
                0x0000050d       0x34 c:/freescale/kds_v3/toolchain/bin/../lib/gcc/arm-none-eabi/4.8.4/../../../../arm-none-eabi/lib/armv7e-m/fpu\libg_s.a(lib_a-init.o)
 .ARM.attributes
                0x00000541       0x34 c:/freescale/kds_v3/toolchain/bin/../lib/gcc/arm-none-eabi/4.8.4/../../../../arm-none-eabi/lib/armv7e-m/fpu\libg_s.a(lib_a-memset.o)
 .ARM.attributes
                0x00000575       0x34 c:/freescale/kds_v3/toolchain/bin/../lib/gcc/arm-none-eabi/4.8.4/../../../../arm-none-eabi/lib/armv7e-m/fpu\libg_s.a(lib_a-rand.o)
 .ARM.attributes
                0x000005a9       0x34 c:/freescale/kds_v3/toolchain/bin/../lib/gcc/arm-none-eabi/4.8.4/../../../../arm-none-eabi/lib/armv7e-m/fpu\libg_s.a(lib_a-sscanf.o)
 .ARM.attributes
                0x000005dd       0x34 c:/freescale/kds_v3/toolchain/bin/../lib/gcc/arm-none-eabi/4.8.4/../../../../arm-none-eabi/lib/armv7e-m/fpu\libg_s.a(lib_a-stdio.o)
 .ARM.attributes
                0x00000611       0x20 c:/freescale/kds_v3/toolchain/bin/../lib/gcc/arm-none-eabi/4.8.4/../../../../arm-none-eabi/lib/armv7e-m/fpu\libg_s.a(lib_a-strcmp.o)
 .ARM.attributes
                0x00000631       0x34 c:/freescale/kds_v3/toolchain/bin/../lib/gcc/arm-none-eabi/4.8.4/../../../../arm-none-eabi/lib/armv7e-m/fpu\libg_s.a(lib_a-strlen.o)
 .ARM.attributes
                0x00000665       0x34 c:/freescale/kds_v3/toolchain/bin/../lib/gcc/arm-none-eabi/4.8.4/../../../../arm-none-eabi/lib/armv7e-m/fpu\libg_s.a(lib_a-svfscanf.o)
 .ARM.attributes
                0x00000699       0x34 c:/freescale/kds_v3/toolchain/bin/../lib/gcc/arm-none-eabi/4.8.4/../../../../arm-none-eabi/lib/armv7e-m/fpu\libg_s.a(lib_a-ungetc.o)
 .ARM.attributes
                0x000006cd       0x34 c:/freescale/kds_v3/toolchain/bin/../lib/gcc/arm-none-eabi/4.8.4/../../../../arm-none-eabi/lib/armv7e-m/fpu\libg_s.a(lib_a-vfscanf_i.o)
 .ARM.attributes
                0x00000701       0x34 c:/freescale/kds_v3/toolchain/bin/../lib/gcc/arm-none-eabi/4.8.4/../../../../arm-none-eabi/lib/armv7e-m/fpu\libg_s.a(lib_a-ctype_.o)
 .ARM.attributes
                0x00000735       0x34 c:/freescale/kds_v3/toolchain/bin/../lib/gcc/arm-none-eabi/4.8.4/../../../../arm-none-eabi/lib/armv7e-m/fpu\libg_s.a(lib_a-findfp.o)
 .ARM.attributes
                0x00000769       0x34 c:/freescale/kds_v3/toolchain/bin/../lib/gcc/arm-none-eabi/4.8.4/../../../../arm-none-eabi/lib/armv7e-m/fpu\libg_s.a(lib_a-malloc.o)
 .ARM.attributes
                0x0000079d       0x34 c:/freescale/kds_v3/toolchain/bin/../lib/gcc/arm-none-eabi/4.8.4/../../../../arm-none-eabi/lib/armv7e-m/fpu\libg_s.a(lib_a-memchr-stub.o)
 .ARM.attributes
                0x000007d1       0x34 c:/freescale/kds_v3/toolchain/bin/../lib/gcc/arm-none-eabi/4.8.4/../../../../arm-none-eabi/lib/armv7e-m/fpu\libg_s.a(lib_a-memcpy-stub.o)
 .ARM.attributes
                0x00000805       0x34 c:/freescale/kds_v3/toolchain/bin/../lib/gcc/arm-none-eabi/4.8.4/../../../../arm-none-eabi/lib/armv7e-m/fpu\libg_s.a(lib_a-nano-freer.o)
 .ARM.attributes
                0x00000839       0x34 c:/freescale/kds_v3/toolchain/bin/../lib/gcc/arm-none-eabi/4.8.4/../../../../arm-none-eabi/lib/armv7e-m/fpu\libg_s.a(lib_a-nano-mallocr.o)
 .ARM.attributes
                0x0000086d       0x34 c:/freescale/kds_v3/toolchain/bin/../lib/gcc/arm-none-eabi/4.8.4/../../../../arm-none-eabi/lib/armv7e-m/fpu\libg_s.a(lib_a-nano-reallocr.o)
 .ARM.attributes
                0x000008a1       0x34 c:/freescale/kds_v3/toolchain/bin/../lib/gcc/arm-none-eabi/4.8.4/../../../../arm-none-eabi/lib/armv7e-m/fpu\libg_s.a(lib_a-reent.o)
 .ARM.attributes
                0x000008d5       0x34 c:/freescale/kds_v3/toolchain/bin/../lib/gcc/arm-none-eabi/4.8.4/../../../../arm-none-eabi/lib/armv7e-m/fpu\libg_s.a(lib_a-sbrkr.o)
 .ARM.attributes
                0x00000909       0x34 c:/freescale/kds_v3/toolchain/bin/../lib/gcc/arm-none-eabi/4.8.4/../../../../arm-none-eabi/lib/armv7e-m/fpu\libg_s.a(lib_a-sccl.o)
 .ARM.attributes
                0x0000093d       0x34 c:/freescale/kds_v3/toolchain/bin/../lib/gcc/arm-none-eabi/4.8.4/../../../../arm-none-eabi/lib/armv7e-m/fpu\libg_s.a(lib_a-strtol.o)
 .ARM.attributes
                0x00000971       0x34 c:/freescale/kds_v3/toolchain/bin/../lib/gcc/arm-none-eabi/4.8.4/../../../../arm-none-eabi/lib/armv7e-m/fpu\libg_s.a(lib_a-strtoul.o)
 .ARM.attributes
                0x000009a5       0x34 c:/freescale/kds_v3/toolchain/bin/../lib/gcc/arm-none-eabi/4.8.4/../../../../arm-none-eabi/lib/armv7e-m/fpu\libg_s.a(lib_a-nano-msizer.o)
 .ARM.attributes
                0x000009d9       0x34 c:/freescale/kds_v3/toolchain/bin/../lib/gcc/arm-none-eabi/4.8.4/../../../../arm-none-eabi/lib/armv7e-m/fpu\libnosys.a(sbrk.o)
 .ARM.attributes
                0x00000a0d       0x34 c:/freescale/kds_v3/toolchain/bin/../lib/gcc/arm-none-eabi/4.8.4/../../../../arm-none-eabi/lib/armv7e-m/fpu\libnosys.a(_exit.o)
 .ARM.attributes
                0x00000a41       0x22 c:/freescale/kds_v3/toolchain/bin/../lib/gcc/arm-none-eabi/4.8.4/armv7e-m/fpu/crtn.o
OUTPUT(exam.elf elf32-littlearm)

.debug_info     0x00000000     0x5445
 .debug_info    0x00000000      0xab8 ./Static_Code/System/CPU_Init.o
 .debug_info    0x00000ab8      0x826 ./Static_Code/System/Vectors.o
 .debug_info    0x000012de      0x12c ./Sources/Events.o
 .debug_info    0x0000140a      0x2fa ./Sources/main.o
 .debug_info    0x00001704      0x3b0 ./Project_Settings/Startup_Code/startup.o
 .debug_info    0x00001ab4      0x23b ./Generated_Code/AD1.o
 .debug_info    0x00001cef      0xa74 ./Generated_Code/ASerialLdd1.o
 .debug_info    0x00002763      0x965 ./Generated_Code/AdcLdd1.o
 .debug_info    0x000030c8      0x503 ./Generated_Code/BitIoLdd1.o
 .debug_info    0x000035cb      0x503 ./Generated_Code/BitIoLdd2.o
 .debug_info    0x00003ace      0x503 ./Generated_Code/BitIoLdd3.o
 .debug_info    0x00003fd1       0xa7 ./Generated_Code/Cpu.o
 .debug_info    0x00004078      0x367 ./Generated_Code/Inhr1.o
 .debug_info    0x000043df      0x251 ./Generated_Code/PE_LDD.o
 .debug_info    0x00004630      0x36e ./Generated_Code/RealTimeLdd1.o
 .debug_info    0x0000499e      0x682 ./Generated_Code/TU1.o
 .debug_info    0x00005020      0x425 ./Generated_Code/Term1.o

.debug_abbrev   0x00000000     0x1683
 .debug_abbrev  0x00000000      0x1bf ./Static_Code/System/CPU_Init.o
 .debug_abbrev  0x000001bf       0xd8 ./Static_Code/System/Vectors.o
 .debug_abbrev  0x00000297       0xa5 ./Sources/Events.o
 .debug_abbrev  0x0000033c      0x16a ./Sources/main.o
 .debug_abbrev  0x000004a6      0x189 ./Project_Settings/Startup_Code/startup.o
 .debug_abbrev  0x0000062f      0x150 ./Generated_Code/AD1.o
 .debug_abbrev  0x0000077f      0x1e8 ./Generated_Code/ASerialLdd1.o
 .debug_abbrev  0x00000967      0x1b4 ./Generated_Code/AdcLdd1.o
 .debug_abbrev  0x00000b1b      0x15d ./Generated_Code/BitIoLdd1.o
 .debug_abbrev  0x00000c78      0x15d ./Generated_Code/BitIoLdd2.o
 .debug_abbrev  0x00000dd5      0x15d ./Generated_Code/BitIoLdd3.o
 .debug_abbrev  0x00000f32       0x45 ./Generated_Code/Cpu.o
 .debug_abbrev  0x00000f77      0x18f ./Generated_Code/Inhr1.o
 .debug_abbrev  0x00001106      0x10d ./Generated_Code/PE_LDD.o
 .debug_abbrev  0x00001213      0x150 ./Generated_Code/RealTimeLdd1.o
 .debug_abbrev  0x00001363      0x16a ./Generated_Code/TU1.o
 .debug_abbrev  0x000014cd      0x1b6 ./Generated_Code/Term1.o

.debug_aranges  0x00000000      0x7b8
 .debug_aranges
                0x00000000       0x40 ./Static_Code/System/CPU_Init.o
 .debug_aranges
                0x00000040      0x340 ./Static_Code/System/Vectors.o
 .debug_aranges
                0x00000380       0x38 ./Sources/Events.o
 .debug_aranges
                0x000003b8       0x48 ./Sources/main.o
 .debug_aranges
                0x00000400       0x50 ./Project_Settings/Startup_Code/startup.o
 .debug_aranges
                0x00000450       0x48 ./Generated_Code/AD1.o
 .debug_aranges
                0x00000498       0x50 ./Generated_Code/ASerialLdd1.o
 .debug_aranges
                0x000004e8       0x60 ./Generated_Code/AdcLdd1.o
 .debug_aranges
                0x00000548       0x40 ./Generated_Code/BitIoLdd1.o
 .debug_aranges
                0x00000588       0x40 ./Generated_Code/BitIoLdd2.o
 .debug_aranges
                0x000005c8       0x40 ./Generated_Code/BitIoLdd3.o
 .debug_aranges
                0x00000608       0x28 ./Generated_Code/Cpu.o
 .debug_aranges
                0x00000630       0x60 ./Generated_Code/Inhr1.o
 .debug_aranges
                0x00000690       0x30 ./Generated_Code/PE_LDD.o
 .debug_aranges
                0x000006c0       0x40 ./Generated_Code/RealTimeLdd1.o
 .debug_aranges
                0x00000700       0x30 ./Generated_Code/TU1.o
 .debug_aranges
                0x00000730       0x88 ./Generated_Code/Term1.o

.debug_ranges   0x00000000      0x6a8
 .debug_ranges  0x00000000       0x30 ./Static_Code/System/CPU_Init.o
 .debug_ranges  0x00000030      0x330 ./Static_Code/System/Vectors.o
 .debug_ranges  0x00000360       0x28 ./Sources/Events.o
 .debug_ranges  0x00000388       0x38 ./Sources/main.o
 .debug_ranges  0x000003c0       0x40 ./Project_Settings/Startup_Code/startup.o
 .debug_ranges  0x00000400       0x38 ./Generated_Code/AD1.o
 .debug_ranges  0x00000438       0x40 ./Generated_Code/ASerialLdd1.o
 .debug_ranges  0x00000478       0x50 ./Generated_Code/AdcLdd1.o
 .debug_ranges  0x000004c8       0x30 ./Generated_Code/BitIoLdd1.o
 .debug_ranges  0x000004f8       0x30 ./Generated_Code/BitIoLdd2.o
 .debug_ranges  0x00000528       0x30 ./Generated_Code/BitIoLdd3.o
 .debug_ranges  0x00000558       0x18 ./Generated_Code/Cpu.o
 .debug_ranges  0x00000570       0x50 ./Generated_Code/Inhr1.o
 .debug_ranges  0x000005c0       0x20 ./Generated_Code/PE_LDD.o
 .debug_ranges  0x000005e0       0x30 ./Generated_Code/RealTimeLdd1.o
 .debug_ranges  0x00000610       0x20 ./Generated_Code/TU1.o
 .debug_ranges  0x00000630       0x78 ./Generated_Code/Term1.o

.debug_macro    0x00000000    0x25023
 .debug_macro   0x00000000      0x251 ./Static_Code/System/CPU_Init.o
 .debug_macro   0x00000251      0x850 ./Static_Code/System/CPU_Init.o
 .debug_macro   0x00000aa1       0x16 ./Static_Code/System/CPU_Init.o
 .debug_macro   0x00000ab7       0x44 ./Static_Code/System/CPU_Init.o
 .debug_macro   0x00000afb      0x209 ./Static_Code/System/CPU_Init.o
 .debug_macro   0x00000d04     0x179f ./Static_Code/System/CPU_Init.o
 .debug_macro   0x000024a3     0xbca7 ./Static_Code/System/CPU_Init.o
 .debug_macro   0x0000e14a      0x4c6 ./Static_Code/System/CPU_Init.o
 .debug_macro   0x0000e610      0x14e ./Static_Code/System/CPU_Init.o
 .debug_macro   0x0000e75e       0x6a ./Static_Code/System/CPU_Init.o
 .debug_macro   0x0000e7c8       0x58 ./Static_Code/System/CPU_Init.o
 .debug_macro   0x0000e820       0x35 ./Static_Code/System/CPU_Init.o
 .debug_macro   0x0000e855       0xa3 ./Static_Code/System/CPU_Init.o
 .debug_macro   0x0000e8f8       0x16 ./Static_Code/System/CPU_Init.o
 .debug_macro   0x0000e90e       0x3a ./Static_Code/System/CPU_Init.o
 .debug_macro   0x0000e948       0x65 ./Static_Code/System/CPU_Init.o
 .debug_macro   0x0000e9ad       0x1f ./Static_Code/System/CPU_Init.o
 .debug_macro   0x0000e9cc       0x94 ./Static_Code/System/CPU_Init.o
 .debug_macro   0x0000ea60      0x616 ./Static_Code/System/CPU_Init.o
 .debug_macro   0x0000f076       0x7b ./Static_Code/System/CPU_Init.o
 .debug_macro   0x0000f0f1       0x10 ./Static_Code/System/CPU_Init.o
 .debug_macro   0x0000f101      0x132 ./Static_Code/System/CPU_Init.o
 .debug_macro   0x0000f233       0x40 ./Static_Code/System/CPU_Init.o
 .debug_macro   0x0000f273       0x1f ./Static_Code/System/CPU_Init.o
 .debug_macro   0x0000f292       0x46 ./Static_Code/System/CPU_Init.o
 .debug_macro   0x0000f2d8       0x1f ./Static_Code/System/CPU_Init.o
 .debug_macro   0x0000f2f7       0x46 ./Static_Code/System/CPU_Init.o
 .debug_macro   0x0000f33d       0x1f ./Static_Code/System/CPU_Init.o
 .debug_macro   0x0000f35c      0x6a6 ./Static_Code/System/CPU_Init.o
 .debug_macro   0x0000fa02       0x52 ./Static_Code/System/CPU_Init.o
 .debug_macro   0x0000fa54       0x28 ./Static_Code/System/CPU_Init.o
 .debug_macro   0x0000fa7c       0x18 ./Static_Code/System/CPU_Init.o
 .debug_macro   0x0000fa94      0x2a0 ./Static_Code/System/CPU_Init.o
 .debug_macro   0x0000fd34      0x23f ./Static_Code/System/Vectors.o
 .debug_macro   0x0000ff73      0x411 ./Sources/Events.o
 .debug_macro   0x00010384       0x34 ./Sources/Events.o
 .debug_macro   0x000103b8      0x328 ./Sources/Events.o
 .debug_macro   0x000106e0      0x109 ./Sources/Events.o
 .debug_macro   0x000107e9      0x17f ./Sources/Events.o
 .debug_macro   0x00010968      0x202 ./Sources/Events.o
 .debug_macro   0x00010b6a      0x91e ./Sources/Events.o
 .debug_macro   0x00011488       0x9e ./Sources/Events.o
 .debug_macro   0x00011526      0x1f9 ./Sources/Events.o
 .debug_macro   0x0001171f      0x39c ./Sources/Events.o
 .debug_macro   0x00011abb      0x29c ./Sources/Events.o
 .debug_macro   0x00011d57      0x264 ./Sources/Events.o
 .debug_macro   0x00011fbb      0x25b ./Sources/Events.o
 .debug_macro   0x00012216      0x399 ./Sources/Events.o
 .debug_macro   0x000125af      0x4f1 ./Sources/Events.o
 .debug_macro   0x00012aa0      0x13f ./Sources/Events.o
 .debug_macro   0x00012bdf       0x6c ./Sources/Events.o
 .debug_macro   0x00012c4b      0x30d ./Sources/Events.o
 .debug_macro   0x00012f58       0xbb ./Sources/Events.o
 .debug_macro   0x00013013       0xe9 ./Sources/Events.o
 .debug_macro   0x000130fc      0x4ea ./Sources/Events.o
 .debug_macro   0x000135e6      0x18f ./Sources/Events.o
 .debug_macro   0x00013775       0xea ./Sources/Events.o
 .debug_macro   0x0001385f      0x344 ./Sources/Events.o
 .debug_macro   0x00013ba3      0x824 ./Sources/Events.o
 .debug_macro   0x000143c7      0x179 ./Sources/Events.o
 .debug_macro   0x00014540      0x9e2 ./Sources/Events.o
 .debug_macro   0x00014f22      0x129 ./Sources/Events.o
 .debug_macro   0x0001504b      0x648 ./Sources/Events.o
 .debug_macro   0x00015693       0x81 ./Sources/Events.o
 .debug_macro   0x00015714      0x7bf ./Sources/Events.o
 .debug_macro   0x00015ed3      0x66f ./Sources/Events.o
 .debug_macro   0x00016542       0x7b ./Sources/Events.o
 .debug_macro   0x000165bd      0x182 ./Sources/Events.o
 .debug_macro   0x0001673f       0x22 ./Sources/Events.o
 .debug_macro   0x00016761       0x1c ./Sources/Events.o
 .debug_macro   0x0001677d       0x97 ./Sources/Events.o
 .debug_macro   0x00016814       0x10 ./Sources/Events.o
 .debug_macro   0x00016824       0xef ./Sources/Events.o
 .debug_macro   0x00016913       0x52 ./Sources/Events.o
 .debug_macro   0x00016965       0x16 ./Sources/Events.o
 .debug_macro   0x0001697b       0x43 ./Sources/Events.o
 .debug_macro   0x000169be      0x180 ./Sources/Events.o
 .debug_macro   0x00016b3e       0x10 ./Sources/Events.o
 .debug_macro   0x00016b4e       0x22 ./Sources/Events.o
 .debug_macro   0x00016b70       0xbd ./Sources/Events.o
 .debug_macro   0x00016c2d       0x16 ./Sources/Events.o
 .debug_macro   0x00016c43      0x14a ./Sources/Events.o
 .debug_macro   0x00016d8d      0x2a6 ./Sources/Events.o
 .debug_macro   0x00017033       0x10 ./Sources/Events.o
 .debug_macro   0x00017043       0x35 ./Sources/Events.o
 .debug_macro   0x00017078      0x43c ./Sources/main.o
 .debug_macro   0x000174b4       0x16 ./Sources/main.o
 .debug_macro   0x000174ca       0x22 ./Sources/main.o
 .debug_macro   0x000174ec      0x121 ./Project_Settings/Startup_Code/startup.o
 .debug_macro   0x0001760d      0x166 ./Project_Settings/Startup_Code/startup.o
 .debug_macro   0x00017773       0x4a ./Project_Settings/Startup_Code/startup.o
 .debug_macro   0x000177bd       0x10 ./Project_Settings/Startup_Code/startup.o
 .debug_macro   0x000177cd      0x20f ./Project_Settings/Startup_Code/startup.o
 .debug_macro   0x000179dc     0xbc9b ./Project_Settings/Startup_Code/startup.o
 .debug_macro   0x00023677      0x238 ./Generated_Code/AD1.o
 .debug_macro   0x000238af      0x113 ./Generated_Code/ASerialLdd1.o
 .debug_macro   0x000239c2       0x5f ./Generated_Code/ASerialLdd1.o
 .debug_macro   0x00023a21       0x25 ./Generated_Code/ASerialLdd1.o
 .debug_macro   0x00023a46      0x7b9 ./Generated_Code/ASerialLdd1.o
 .debug_macro   0x000241ff      0x125 ./Generated_Code/AdcLdd1.o
 .debug_macro   0x00024324       0xfa ./Generated_Code/BitIoLdd1.o
 .debug_macro   0x0002441e       0xfa ./Generated_Code/BitIoLdd2.o
 .debug_macro   0x00024518       0x40 ./Generated_Code/BitIoLdd2.o
 .debug_macro   0x00024558       0xfa ./Generated_Code/BitIoLdd3.o
 .debug_macro   0x00024652      0x22e ./Generated_Code/Cpu.o
 .debug_macro   0x00024880      0x29c ./Generated_Code/Inhr1.o
 .debug_macro   0x00024b1c      0x1e9 ./Generated_Code/PE_LDD.o
 .debug_macro   0x00024d05      0x109 ./Generated_Code/RealTimeLdd1.o
 .debug_macro   0x00024e0e      0x10f ./Generated_Code/TU1.o
 .debug_macro   0x00024f1d      0x106 ./Generated_Code/Term1.o

.debug_line     0x00000000     0x5505
 .debug_line    0x00000000      0x59f ./Static_Code/System/CPU_Init.o
 .debug_line    0x0000059f      0xb3e ./Static_Code/System/Vectors.o
 .debug_line    0x000010dd      0x6dc ./Sources/Events.o
 .debug_line    0x000017b9      0x7ae ./Sources/main.o
 .debug_line    0x00001f67      0x3b8 ./Project_Settings/Startup_Code/startup.o
 .debug_line    0x0000231f      0x4ad ./Generated_Code/AD1.o
 .debug_line    0x000027cc      0x433 ./Generated_Code/ASerialLdd1.o
 .debug_line    0x00002bff      0x421 ./Generated_Code/AdcLdd1.o
 .debug_line    0x00003020      0x366 ./Generated_Code/BitIoLdd1.o
 .debug_line    0x00003386      0x366 ./Generated_Code/BitIoLdd2.o
 .debug_line    0x000036ec      0x366 ./Generated_Code/BitIoLdd3.o
 .debug_line    0x00003a52      0x481 ./Generated_Code/Cpu.o
 .debug_line    0x00003ed3      0x5ae ./Generated_Code/Inhr1.o
 .debug_line    0x00004481      0x43a ./Generated_Code/PE_LDD.o
 .debug_line    0x000048bb      0x3be ./Generated_Code/RealTimeLdd1.o
 .debug_line    0x00004c79      0x368 ./Generated_Code/TU1.o
 .debug_line    0x00004fe1      0x524 ./Generated_Code/Term1.o

.debug_str      0x00000000    0xbdbf3
 .debug_str     0x00000000    0x5cc76 ./Static_Code/System/CPU_Init.o
                              0x5ce26 (size before relaxing)
 .debug_str     0x0005cc76      0x980 ./Static_Code/System/Vectors.o
                              0x5d247 (size before relaxing)
 .debug_str     0x0005d5f6    0x5f240 ./Sources/Events.o
                              0xbad62 (size before relaxing)
 .debug_str     0x000bc836      0x14a ./Sources/main.o
                              0xbae7e (size before relaxing)
 .debug_str     0x000bc980       0xea ./Project_Settings/Startup_Code/startup.o
                              0x45bba (size before relaxing)
 .debug_str     0x000bca6a      0x141 ./Generated_Code/AD1.o
                              0x5b9ca (size before relaxing)
 .debug_str     0x000bcbab      0x39e ./Generated_Code/ASerialLdd1.o
                              0x5b56e (size before relaxing)
 .debug_str     0x000bcf49      0x2e4 ./Generated_Code/AdcLdd1.o
                              0x51b11 (size before relaxing)
 .debug_str     0x000bd22d       0xe2 ./Generated_Code/BitIoLdd1.o
                              0x4d3e4 (size before relaxing)
 .debug_str     0x000bd30f       0xa0 ./Generated_Code/BitIoLdd2.o
                              0x4d3e4 (size before relaxing)
 .debug_str     0x000bd3af       0xa0 ./Generated_Code/BitIoLdd3.o
                              0x4d3e4 (size before relaxing)
 .debug_str     0x000bd44f       0x28 ./Generated_Code/Cpu.o
                              0x5b88c (size before relaxing)
 .debug_str     0x000bd477      0x250 ./Generated_Code/Inhr1.o
                              0x5bb5c (size before relaxing)
 .debug_str     0x000bd6c7      0x166 ./Generated_Code/PE_LDD.o
                              0x5ba25 (size before relaxing)
 .debug_str     0x000bd82d      0x101 ./Generated_Code/RealTimeLdd1.o
                              0x558e6 (size before relaxing)
 .debug_str     0x000bd92e      0x189 ./Generated_Code/TU1.o
                              0x55a67 (size before relaxing)
 .debug_str     0x000bdab7      0x13c ./Generated_Code/Term1.o
                              0x4c6b2 (size before relaxing)

.comment        0x00000000       0x70
 .comment       0x00000000       0x70 ./Static_Code/System/CPU_Init.o
                                 0x71 (size before relaxing)
 .comment       0x00000000       0x71 ./Static_Code/System/Vectors.o
 .comment       0x00000000       0x71 ./Sources/Events.o
 .comment       0x00000000       0x71 ./Sources/main.o
 .comment       0x00000000       0x71 ./Project_Settings/Startup_Code/startup.o
 .comment       0x00000000       0x71 ./Generated_Code/AD1.o
 .comment       0x00000000       0x71 ./Generated_Code/ASerialLdd1.o
 .comment       0x00000000       0x71 ./Generated_Code/AdcLdd1.o
 .comment       0x00000000       0x71 ./Generated_Code/BitIoLdd1.o
 .comment       0x00000000       0x71 ./Generated_Code/BitIoLdd2.o
 .comment       0x00000000       0x71 ./Generated_Code/BitIoLdd3.o
 .comment       0x00000000       0x71 ./Generated_Code/Cpu.o
 .comment       0x00000000       0x71 ./Generated_Code/Inhr1.o
 .comment       0x00000000       0x71 ./Generated_Code/PE_LDD.o
 .comment       0x00000000       0x71 ./Generated_Code/RealTimeLdd1.o
 .comment       0x00000000       0x71 ./Generated_Code/TU1.o
 .comment       0x00000000       0x71 ./Generated_Code/Term1.o

.debug_frame    0x00000000     0x1f2c
 .debug_frame   0x00000000       0x9c ./Static_Code/System/CPU_Init.o
 .debug_frame   0x0000009c      0xcb0 ./Static_Code/System/Vectors.o
 .debug_frame   0x00000d4c       0x78 ./Sources/Events.o
 .debug_frame   0x00000dc4       0xc8 ./Sources/main.o
 .debug_frame   0x00000e8c       0xc0 ./Project_Settings/Startup_Code/startup.o
 .debug_frame   0x00000f4c       0xc4 ./Generated_Code/AD1.o
 .debug_frame   0x00001010       0xec ./Generated_Code/ASerialLdd1.o
 .debug_frame   0x000010fc      0x114 ./Generated_Code/AdcLdd1.o
 .debug_frame   0x00001210       0x9c ./Generated_Code/BitIoLdd1.o
 .debug_frame   0x000012ac       0x9c ./Generated_Code/BitIoLdd2.o
 .debug_frame   0x00001348       0x9c ./Generated_Code/BitIoLdd3.o
 .debug_frame   0x000013e4       0x50 ./Generated_Code/Cpu.o
 .debug_frame   0x00001434      0x118 ./Generated_Code/Inhr1.o
 .debug_frame   0x0000154c       0x64 ./Generated_Code/PE_LDD.o
 .debug_frame   0x000015b0       0xa4 ./Generated_Code/RealTimeLdd1.o
 .debug_frame   0x00001654       0x6c ./Generated_Code/TU1.o
 .debug_frame   0x000016c0      0x1b4 ./Generated_Code/Term1.o
 .debug_frame   0x00001874       0x28 c:/freescale/kds_v3/toolchain/bin/../lib/gcc/arm-none-eabi/4.8.4/../../../../arm-none-eabi/lib/armv7e-m/fpu\libg_s.a(lib_a-exit.o)
 .debug_frame   0x0000189c       0x2c c:/freescale/kds_v3/toolchain/bin/../lib/gcc/arm-none-eabi/4.8.4/../../../../arm-none-eabi/lib/armv7e-m/fpu\libg_s.a(lib_a-init.o)
 .debug_frame   0x000018c8       0x20 c:/freescale/kds_v3/toolchain/bin/../lib/gcc/arm-none-eabi/4.8.4/../../../../arm-none-eabi/lib/armv7e-m/fpu\libg_s.a(lib_a-memset.o)
 .debug_frame   0x000018e8       0x44 c:/freescale/kds_v3/toolchain/bin/../lib/gcc/arm-none-eabi/4.8.4/../../../../arm-none-eabi/lib/armv7e-m/fpu\libg_s.a(lib_a-rand.o)
 .debug_frame   0x0000192c       0x60 c:/freescale/kds_v3/toolchain/bin/../lib/gcc/arm-none-eabi/4.8.4/../../../../arm-none-eabi/lib/armv7e-m/fpu\libg_s.a(lib_a-sscanf.o)
 .debug_frame   0x0000198c       0x80 c:/freescale/kds_v3/toolchain/bin/../lib/gcc/arm-none-eabi/4.8.4/../../../../arm-none-eabi/lib/armv7e-m/fpu\libg_s.a(lib_a-stdio.o)
 .debug_frame   0x00001a0c       0x20 c:/freescale/kds_v3/toolchain/bin/../lib/gcc/arm-none-eabi/4.8.4/../../../../arm-none-eabi/lib/armv7e-m/fpu\libg_s.a(lib_a-strlen.o)
 .debug_frame   0x00001a2c       0x6c c:/freescale/kds_v3/toolchain/bin/../lib/gcc/arm-none-eabi/4.8.4/../../../../arm-none-eabi/lib/armv7e-m/fpu\libg_s.a(lib_a-svfscanf.o)
 .debug_frame   0x00001a98       0x5c c:/freescale/kds_v3/toolchain/bin/../lib/gcc/arm-none-eabi/4.8.4/../../../../arm-none-eabi/lib/armv7e-m/fpu\libg_s.a(lib_a-ungetc.o)
 .debug_frame   0x00001af4       0x58 c:/freescale/kds_v3/toolchain/bin/../lib/gcc/arm-none-eabi/4.8.4/../../../../arm-none-eabi/lib/armv7e-m/fpu\libg_s.a(lib_a-vfscanf_i.o)
 .debug_frame   0x00001b4c      0x12c c:/freescale/kds_v3/toolchain/bin/../lib/gcc/arm-none-eabi/4.8.4/../../../../arm-none-eabi/lib/armv7e-m/fpu\libg_s.a(lib_a-findfp.o)
 .debug_frame   0x00001c78       0x30 c:/freescale/kds_v3/toolchain/bin/../lib/gcc/arm-none-eabi/4.8.4/../../../../arm-none-eabi/lib/armv7e-m/fpu\libg_s.a(lib_a-malloc.o)
 .debug_frame   0x00001ca8       0x28 c:/freescale/kds_v3/toolchain/bin/../lib/gcc/arm-none-eabi/4.8.4/../../../../arm-none-eabi/lib/armv7e-m/fpu\libg_s.a(lib_a-memchr-stub.o)
 .debug_frame   0x00001cd0       0x28 c:/freescale/kds_v3/toolchain/bin/../lib/gcc/arm-none-eabi/4.8.4/../../../../arm-none-eabi/lib/armv7e-m/fpu\libg_s.a(lib_a-memcpy-stub.o)
 .debug_frame   0x00001cf8       0x2c c:/freescale/kds_v3/toolchain/bin/../lib/gcc/arm-none-eabi/4.8.4/../../../../arm-none-eabi/lib/armv7e-m/fpu\libg_s.a(lib_a-nano-freer.o)
 .debug_frame   0x00001d24       0x2c c:/freescale/kds_v3/toolchain/bin/../lib/gcc/arm-none-eabi/4.8.4/../../../../arm-none-eabi/lib/armv7e-m/fpu\libg_s.a(lib_a-nano-mallocr.o)
 .debug_frame   0x00001d50       0x30 c:/freescale/kds_v3/toolchain/bin/../lib/gcc/arm-none-eabi/4.8.4/../../../../arm-none-eabi/lib/armv7e-m/fpu\libg_s.a(lib_a-nano-reallocr.o)
 .debug_frame   0x00001d80       0x48 c:/freescale/kds_v3/toolchain/bin/../lib/gcc/arm-none-eabi/4.8.4/../../../../arm-none-eabi/lib/armv7e-m/fpu\libg_s.a(lib_a-reent.o)
 .debug_frame   0x00001dc8       0x2c c:/freescale/kds_v3/toolchain/bin/../lib/gcc/arm-none-eabi/4.8.4/../../../../arm-none-eabi/lib/armv7e-m/fpu\libg_s.a(lib_a-sbrkr.o)
 .debug_frame   0x00001df4       0x30 c:/freescale/kds_v3/toolchain/bin/../lib/gcc/arm-none-eabi/4.8.4/../../../../arm-none-eabi/lib/armv7e-m/fpu\libg_s.a(lib_a-sccl.o)
 .debug_frame   0x00001e24       0x54 c:/freescale/kds_v3/toolchain/bin/../lib/gcc/arm-none-eabi/4.8.4/../../../../arm-none-eabi/lib/armv7e-m/fpu\libg_s.a(lib_a-strtol.o)
 .debug_frame   0x00001e78       0x54 c:/freescale/kds_v3/toolchain/bin/../lib/gcc/arm-none-eabi/4.8.4/../../../../arm-none-eabi/lib/armv7e-m/fpu\libg_s.a(lib_a-strtoul.o)
 .debug_frame   0x00001ecc       0x20 c:/freescale/kds_v3/toolchain/bin/../lib/gcc/arm-none-eabi/4.8.4/../../../../arm-none-eabi/lib/armv7e-m/fpu\libg_s.a(lib_a-nano-msizer.o)
 .debug_frame   0x00001eec       0x20 c:/freescale/kds_v3/toolchain/bin/../lib/gcc/arm-none-eabi/4.8.4/../../../../arm-none-eabi/lib/armv7e-m/fpu\libnosys.a(sbrk.o)
 .debug_frame   0x00001f0c       0x20 c:/freescale/kds_v3/toolchain/bin/../lib/gcc/arm-none-eabi/4.8.4/../../../../arm-none-eabi/lib/armv7e-m/fpu\libnosys.a(_exit.o)

.stabstr        0x00000000       0xdf
 .stabstr       0x00000000       0xdf c:/freescale/kds_v3/toolchain/bin/../lib/gcc/arm-none-eabi/4.8.4/../../../../arm-none-eabi/lib/armv7e-m/fpu\libnosys.a(close.o)
