Archive member included because of file (symbol)

d:/kinetics design studio/toolchain/bin/../lib/gcc/arm-none-eabi/4.8.4/armv7e-m\libgcc.a(_arm_addsubdf3.o)
                              ./Sources/main.o (__aeabi_dadd)
d:/kinetics design studio/toolchain/bin/../lib/gcc/arm-none-eabi/4.8.4/armv7e-m\libgcc.a(_arm_muldivdf3.o)
                              ./Sources/main.o (__aeabi_ddiv)
d:/kinetics design studio/toolchain/bin/../lib/gcc/arm-none-eabi/4.8.4/armv7e-m\libgcc.a(_arm_truncdfsf2.o)
                              ./Sources/main.o (__aeabi_d2f)
d:/kinetics design studio/toolchain/bin/../lib/gcc/arm-none-eabi/4.8.4/armv7e-m\libgcc.a(_arm_addsubsf3.o)
                              ./Generated_Code/Term1.o (__aeabi_fsub)
d:/kinetics design studio/toolchain/bin/../lib/gcc/arm-none-eabi/4.8.4/armv7e-m\libgcc.a(_arm_muldivsf3.o)
                              ./Sources/main.o (__aeabi_fmul)
d:/kinetics design studio/toolchain/bin/../lib/gcc/arm-none-eabi/4.8.4/armv7e-m\libgcc.a(_arm_cmpsf2.o)
                              ./Sources/main.o (__aeabi_fcmplt)
d:/kinetics design studio/toolchain/bin/../lib/gcc/arm-none-eabi/4.8.4/armv7e-m\libgcc.a(_arm_fixsfsi.o)
                              ./Sources/main.o (__aeabi_f2iz)
d:/kinetics design studio/toolchain/bin/../lib/gcc/arm-none-eabi/4.8.4/armv7e-m\libgcc.a(_arm_fixunssfsi.o)
                              ./Generated_Code/RealTimeLdd1.o (__aeabi_f2uiz)
d:/kinetics design studio/toolchain/bin/../lib/gcc/arm-none-eabi/4.8.4/../../../../arm-none-eabi/lib/armv7e-m\libg_s.a(lib_a-exit.o)
                              d:/kinetics design studio/toolchain/bin/../lib/gcc/arm-none-eabi/4.8.4/../../../../arm-none-eabi/lib/armv7e-m/crt0.o (exit)
d:/kinetics design studio/toolchain/bin/../lib/gcc/arm-none-eabi/4.8.4/../../../../arm-none-eabi/lib/armv7e-m\libg_s.a(lib_a-impure.o)
                              d:/kinetics design studio/toolchain/bin/../lib/gcc/arm-none-eabi/4.8.4/../../../../arm-none-eabi/lib/armv7e-m\libg_s.a(lib_a-exit.o) (_global_impure_ptr)
d:/kinetics design studio/toolchain/bin/../lib/gcc/arm-none-eabi/4.8.4/../../../../arm-none-eabi/lib/armv7e-m\libg_s.a(lib_a-init.o)
                              d:/kinetics design studio/toolchain/bin/../lib/gcc/arm-none-eabi/4.8.4/../../../../arm-none-eabi/lib/armv7e-m/crt0.o (__libc_init_array)
d:/kinetics design studio/toolchain/bin/../lib/gcc/arm-none-eabi/4.8.4/../../../../arm-none-eabi/lib/armv7e-m\libg_s.a(lib_a-memset.o)
                              d:/kinetics design studio/toolchain/bin/../lib/gcc/arm-none-eabi/4.8.4/../../../../arm-none-eabi/lib/armv7e-m/crt0.o (memset)
d:/kinetics design studio/toolchain/bin/../lib/gcc/arm-none-eabi/4.8.4/../../../../arm-none-eabi/lib/armv7e-m\libg_s.a(lib_a-rand.o)
                              ./Sources/main.o (rand)
d:/kinetics design studio/toolchain/bin/../lib/gcc/arm-none-eabi/4.8.4/../../../../arm-none-eabi/lib/armv7e-m\libg_s.a(lib_a-sscanf.o)
                              ./Sources/main.o (sscanf)
d:/kinetics design studio/toolchain/bin/../lib/gcc/arm-none-eabi/4.8.4/../../../../arm-none-eabi/lib/armv7e-m\libg_s.a(lib_a-stdio.o)
                              d:/kinetics design studio/toolchain/bin/../lib/gcc/arm-none-eabi/4.8.4/../../../../arm-none-eabi/lib/armv7e-m\libg_s.a(lib_a-sscanf.o) (__seofread)
d:/kinetics design studio/toolchain/bin/../lib/gcc/arm-none-eabi/4.8.4/../../../../arm-none-eabi/lib/armv7e-m\libg_s.a(lib_a-strcmp.o)
                              ./Sources/main.o (strcmp)
d:/kinetics design studio/toolchain/bin/../lib/gcc/arm-none-eabi/4.8.4/../../../../arm-none-eabi/lib/armv7e-m\libg_s.a(lib_a-strlen.o)
                              d:/kinetics design studio/toolchain/bin/../lib/gcc/arm-none-eabi/4.8.4/../../../../arm-none-eabi/lib/armv7e-m\libg_s.a(lib_a-sscanf.o) (strlen)
d:/kinetics design studio/toolchain/bin/../lib/gcc/arm-none-eabi/4.8.4/../../../../arm-none-eabi/lib/armv7e-m\libg_s.a(lib_a-svfscanf.o)
                              d:/kinetics design studio/toolchain/bin/../lib/gcc/arm-none-eabi/4.8.4/../../../../arm-none-eabi/lib/armv7e-m\libg_s.a(lib_a-sscanf.o) (__ssvfscanf_r)
d:/kinetics design studio/toolchain/bin/../lib/gcc/arm-none-eabi/4.8.4/../../../../arm-none-eabi/lib/armv7e-m\libg_s.a(lib_a-ungetc.o)
                              d:/kinetics design studio/toolchain/bin/../lib/gcc/arm-none-eabi/4.8.4/../../../../arm-none-eabi/lib/armv7e-m\libg_s.a(lib_a-svfscanf.o) (__submore)
d:/kinetics design studio/toolchain/bin/../lib/gcc/arm-none-eabi/4.8.4/../../../../arm-none-eabi/lib/armv7e-m\libg_s.a(lib_a-vfscanf_i.o)
                              d:/kinetics design studio/toolchain/bin/../lib/gcc/arm-none-eabi/4.8.4/../../../../arm-none-eabi/lib/armv7e-m\libg_s.a(lib_a-svfscanf.o) (_scanf_chars)
d:/kinetics design studio/toolchain/bin/../lib/gcc/arm-none-eabi/4.8.4/../../../../arm-none-eabi/lib/armv7e-m\libg_s.a(lib_a-writer.o)
[...]
Memory Configuration

Name             Origin             Length             Attributes
m_interrupts     0x00000000         0x000000f8         xr
m_text           0x00000410         0x0001fbf0         xr
m_data           0x1fffe000         0x00002000         rw
m_data_20000000  0x20000000         0x00002000         rw
m_cfmprotrom     0x00000400         0x00000010         xr
*default*        0x00000000         0xffffffff

Linker script and memory map

LOAD d:/kinetics design studio/toolchain/bin/../lib/gcc/arm-none-eabi/4.8.4/armv7e-m/crti.o
LOAD d:/kinetics design studio/toolchain/bin/../lib/gcc/arm-none-eabi/4.8.4/armv7e-m/crtbegin.o
LOAD d:/kinetics design studio/toolchain/bin/../lib/gcc/arm-none-eabi/4.8.4/../../../../arm-none-eabi/lib/armv7e-m/crt0.o
LOAD ./Sources/Events.o
LOAD ./Sources/main.o
LOAD ./Project_Settings/Startup_Code/startup.o
LOAD ./Generated_Code/ADC.o
LOAD ./Generated_Code/ASerialLdd1.o
LOAD ./Generated_Code/AdcLdd1.o
LOAD ./Generated_Code/BLUE_LED.o
LOAD ./Generated_Code/BitIoLdd1.o
LOAD ./Generated_Code/BitIoLdd2.o
LOAD ./Generated_Code/BitIoLdd3.o
LOAD ./Generated_Code/Cpu.o
LOAD ./Generated_Code/FC321.o
LOAD ./Generated_Code/GREEN_LED.o
LOAD ./Generated_Code/Inhr1.o
LOAD ./Generated_Code/PE_LDD.o
LOAD ./Generated_Code/RED_LED.o
LOAD ./Generated_Code/RealTimeLdd1.o
LOAD ./Generated_Code/TU1.o
LOAD ./Generated_Code/Term1.o
LOAD ./Generated_Code/Vectors.o
LOAD d:/kinetics design studio/toolchain/bin/../lib/gcc/arm-none-eabi/4.8.4/../../../../arm-none-eabi/lib/armv7e-m\libstdc++_s.a
LOAD d:/kinetics design studio/toolchain/bin/../lib/gcc/arm-none-eabi/4.8.4/../../../../arm-none-eabi/lib/armv7e-m\libm.a
START GROUP
LOAD d:/kinetics design studio/toolchain/bin/../lib/gcc/arm-none-eabi/4.8.4/armv7e-m\libgcc.a
LOAD d:/kinetics design studio/toolchain/bin/../lib/gcc/arm-none-eabi/4.8.4/../../../../arm-none-eabi/lib/armv7e-m\libg_s.a
LOAD d:/kinetics design studio/toolchain/bin/../lib/gcc/arm-none-eabi/4.8.4/../../../../arm-none-eabi/lib/armv7e-m\libc_s.a
END GROUP
START GROUP
LOAD d:/kinetics design studio/toolchain/bin/../lib/gcc/arm-none-eabi/4.8.4/armv7e-m\libgcc.a
LOAD d:/kinetics design studio/toolchain/bin/../lib/gcc/arm-none-eabi/4.8.4/../../../../arm-none-eabi/lib/armv7e-m\libc_s.a
LOAD d:/kinetics design studio/toolchain/bin/../lib/gcc/arm-none-eabi/4.8.4/../../../../arm-none-eabi/lib/armv7e-m\libnosys.a
END GROUP
START GROUP
LOAD d:/kinetics design studio/toolchain/bin/../lib/gcc/arm-none-eabi/4.8.4/armv7e-m\libgcc.a
LOAD d:/kinetics design studio/toolchain/bin/../lib/gcc/arm-none-eabi/4.8.4/../../../../arm-none-eabi/lib/armv7e-m\libc_s.a
LOAD d:/kinetics design studio/toolchain/bin/../lib/gcc/arm-none-eabi/4.8.4/../../../../arm-none-eabi/lib/armv7e-m\libnosys.a
END GROUP
LOAD d:/kinetics design studio/toolchain/bin/../lib/gcc/arm-none-eabi/4.8.4/armv7e-m/crtend.o
LOAD d:/kinetics design studio/toolchain/bin/../lib/gcc/arm-none-eabi/4.8.4/armv7e-m/crtn.o
                0x20000000                _estack = 0x20000000
                0x20000000                __SP_INIT = _estack
                0x20000000                __stack = _estack
                0x00000000                __heap_size = 0x0
                0x00000400                __stack_size = 0x400

.interrupts     0x00000000       0xf8
                0x00000000                __vector_table = .
                0x00000000                . = ALIGN (0x4)
 *(.vectortable)
 .vectortable   0x00000000       0xf8 ./Generated_Code/Vectors.o
                0x00000000                __vect_table
                0x000000f8                . = ALIGN (0x4)

.cfmprotect     0x00000400       0x10
                0x00000400                . = ALIGN (0x4)
 *(.cfmconfig)
 .cfmconfig     0x00000400       0x10 ./Generated_Code/Cpu.o
                0x00000400                _cfm
                0x00000410                . = ALIGN (0x4)

.text           0x00000410     0x4288
                0x00000410                . = ALIGN (0x4)
 *(.text)
 .text          0x00000410       0x54 d:/kinetics design studio/toolchain/bin/../lib/gcc/arm-none-eabi/4.8.4/armv7e-m/crtbegin.o
 .text          0x00000464       0x74 d:/kinetics design studio/toolchain/bin/../lib/gcc/arm-none-eabi/4.8.4/../../../../arm-none-eabi/lib/armv7e-m/crt0.o
                0x00000464                _start
                0x00000464                _mainCRTStartup
 .text          0x000004d8      0x370 d:/kinetics design studio/toolchain/bin/../lib/gcc/arm-none-eabi/4.8.4/armv7e-m\libgcc.a(_arm_addsubdf3.o)
                0x000004d8                __aeabi_drsub
                0x000004e0                __aeabi_dsub
                0x000004e0                __subdf3
                0x000004e4                __aeabi_dadd
                0x000004e4                __adddf3
                0x0000075c                __floatunsidf
                0x0000075c                __aeabi_ui2d
                0x0000077c                __floatsidf
                0x0000077c                __aeabi_i2d
                0x000007a0                __aeabi_f2d
                0x000007a0                __extendsfdf2
                0x000007dc                __floatundidf
                0x000007dc                __aeabi_ul2d
                0x000007ec                __floatdidf
                0x000007ec                __aeabi_l2d
 .text          0x00000848      0x424 d:/kinetics design studio/toolchain/bin/../lib/gcc/arm-none-eabi/4.8.4/armv7e-m\libgcc.a(_arm_muldivdf3.o)
                0x00000848                __aeabi_dmul
                0x00000848                __muldf3
                0x00000a9c                __divdf3
                0x00000a9c                __aeabi_ddiv
 .text          0x00000c6c       0xa0 d:/kinetics design studio/toolchain/bin/../lib/gcc/arm-none-eabi/4.8.4/armv7e-m\libgcc.a(_arm_truncdfsf2.o)
                0x00000c6c                __truncdfsf2
                0x00000c6c                __aeabi_d2f
 .text          0x00000d0c      0x21c d:/kinetics design studio/toolchain/bin/../lib/gcc/arm-none-eabi/4.8.4/armv7e-m\libgcc.a(_arm_addsubsf3.o)
                0x00000d0c                __aeabi_frsub
                0x00000d14                __subsf3
                0x00000d14                __aeabi_fsub
                0x00000d18                __aeabi_fadd
                0x00000d18                __addsf3
                0x00000e78                __aeabi_ui2f
                0x00000e78                __floatunsisf
                0x00000e80                __aeabi_i2f
                0x00000e80                __floatsisf
                0x00000e9c                __aeabi_ul2f
                0x00000e9c                __floatundisf
                0x00000eac                __aeabi_l2f
                0x00000eac                __floatdisf
 .text          0x00000f28      0x2a0 d:/kinetics design studio/toolchain/bin/../lib/gcc/arm-none-eabi/4.8.4/armv7e-m\libgcc.a(_arm_muldivsf3.o)
                0x00000f28                __mulsf3
                0x00000f28                __aeabi_fmul
                0x00001090                __aeabi_fdiv
                0x00001090                __divsf3
 .text          0x000011c8       0xec d:/kinetics design studio/toolchain/bin/../lib/gcc/arm-none-eabi/4.8.4/armv7e-m\libgcc.a(_arm_cmpsf2.o)
                0x000011c8                __gesf2
                0x000011c8                __gtsf2
                0x000011d0                __lesf2
                0x000011d0                __ltsf2
                0x000011d8                __nesf2
                0x000011d8                __eqsf2
                0x000011d8                __cmpsf2
                0x00001238                __aeabi_cfrcmple
                0x00001240                __aeabi_cfcmpeq
                0x00001240                __aeabi_cfcmple
                0x00001250                __aeabi_fcmpeq
                0x00001264                __aeabi_fcmplt
                0x00001278                __aeabi_fcmple
                0x0000128c                __aeabi_fcmpge
                0x000012a0                __aeabi_fcmpgt
 .text          0x000012b4       0x4c d:/kinetics design studio/toolchain/bin/../lib/gcc/arm-none-eabi/4.8.4/armv7e-m\libgcc.a(_arm_fixsfsi.o)
                0x000012b4                __aeabi_f2iz
                0x000012b4                __fixsfsi
 .text          0x00001300       0x40 d:/kinetics design studio/toolchain/bin/../lib/gcc/arm-none-eabi/4.8.4/armv7e-m\libgcc.a(_arm_fixunssfsi.o)
                0x00001300                __fixunssfsi
                0x00001300                __aeabi_f2uiz
 .text          0x00001340       0x14 d:/kinetics design studio/toolchain/bin/../lib/gcc/arm-none-eabi/4.8.4/../../../../arm-none-eabi/lib/armv7e-m\libg_s.a(lib_a-strcmp.o)
                0x00001340                strcmp
 *(.text*)
 .text.Cpu_OnNMIINT
                0x00001354        0xc ./Sources/Events.o
                0x00001354                Cpu_OnNMIINT
 .text.ADC_OnEnd
                0x00001360        0xc ./Sources/Events.o
                0x00001360                ADC_OnEnd
 .text.ADC_OnCalibrationEnd
                0x0000136c        0xc ./Sources/Events.o
                0x0000136c                ADC_OnCalibrationEnd
 .text.Inhr1_OnRxChar
                0x00001378       0xb8 ./Sources/Events.o
                0x00001378                Inhr1_OnRxChar
 .text.delay    0x00001430       0x38 ./Sources/main.o
                0x00001430                delay
 .text.LEDS_off
                0x00001468       0x28 ./Sources/main.o
                0x00001468                LEDS_off
 .text.three_LEDs
                0x00001490       0xc4 ./Sources/main.o
                0x00001490                three_LEDs
 .text.four_LEDs
                0x00001554      0x108 ./Sources/main.o
                0x00001554                four_LEDs
 *fill*         0x0000165c        0x4 
 .text.main     0x00001660      0x548 ./Sources/main.o
                0x00001660                main
 .text.__copy_rom_section
                0x00001ba8       0xe4 ./Project_Settings/Startup_Code/startup.o
                0x00001ba8                __copy_rom_section
 .text.__copy_rom_sections_to_ram
                0x00001c8c       0x9c ./Project_Settings/Startup_Code/startup.o
                0x00001c8c                __copy_rom_sections_to_ram
 .text.__init_registers
                0x00001d28        0xc ./Project_Settings/Startup_Code/startup.o
                0x00001d28                __init_registers
 .text.__init_user
                0x00001d34        0xc ./Project_Settings/Startup_Code/startup.o
                0x00001d34                __init_user
 .text.__thumb_startup
                0x00001d40       0x34 ./Project_Settings/Startup_Code/startup.o
                0x00001d40                __thumb_startup
 .text.ADC_HWEnDi
                0x00001d74       0x44 ./Generated_Code/ADC.o
                0x00001d74                ADC_HWEnDi
 .text.ADC_Measure
                0x00001db8       0x44 ./Generated_Code/ADC.o
                0x00001db8                ADC_Measure
 .text.ADC_GetValue16
                0x00001dfc       0x38 ./Generated_Code/ADC.o
                0x00001dfc                ADC_GetValue16
 .text.ADC_Calibrate
                0x00001e34       0x7c ./Generated_Code/ADC.o
                0x00001e34                ADC_Calibrate
 .text.AdcLdd1_OnMeasurementComplete
                0x00001eb0       0x5c ./Generated_Code/ADC.o
                0x00001eb0                AdcLdd1_OnMeasurementComplete
 .text.ADC_Init
                0x00001f0c       0x2c ./Generated_Code/ADC.o
                0x00001f0c                ADC_Init
 .text.ASerialLdd1_Init
                0x00001f38      0x1c0 ./Generated_Code/ASerialLdd1.o
                0x00001f38                ASerialLdd1_Init
 .text.ASerialLdd1_ReceiveBlock
                0x000020f8       0x90 ./Generated_Code/ASerialLdd1.o
                0x000020f8                ASerialLdd1_ReceiveBlock
 .text.ASerialLdd1_SendBlock
                0x00002188       0xbc ./Generated_Code/ASerialLdd1.o
                0x00002188                ASerialLdd1_SendBlock
 .text.InterruptRx
                0x00002244       0x58 ./Generated_Code/ASerialLdd1.o
 .text.InterruptTx
                0x0000229c       0x80 ./Generated_Code/ASerialLdd1.o
 .text.ASerialLdd1_Interrupt
                0x0000231c       0xf4 ./Generated_Code/ASerialLdd1.o
                0x0000231c                ASerialLdd1_Interrupt
 .text.ASerialLdd1_GetError
                0x00002410       0x70 ./Generated_Code/ASerialLdd1.o
                0x00002410                ASerialLdd1_GetError
 .text.AdcLdd1_Init
                0x00002480       0x9c ./Generated_Code/AdcLdd1.o
                0x00002480                AdcLdd1_Init
 .text.AdcLdd1_StartSingleMeasurement
                0x0000251c       0x4c ./Generated_Code/AdcLdd1.o
                0x0000251c                AdcLdd1_StartSingleMeasurement
 .text.AdcLdd1_CreateSampleGroup
                0x00002568       0x64 ./Generated_Code/AdcLdd1.o
                0x00002568                AdcLdd1_CreateSampleGroup
 .text.AdcLdd1_GetMeasuredValues
                0x000025cc       0x4c ./Generated_Code/AdcLdd1.o
                0x000025cc                AdcLdd1_GetMeasuredValues
 .text.AdcLdd1_GetMeasurementCompleteStatus
                0x00002618       0x78 ./Generated_Code/AdcLdd1.o
                0x00002618                AdcLdd1_GetMeasurementCompleteStatus
 .text.AdcLdd1_StartCalibration
                0x00002690       0x4c ./Generated_Code/AdcLdd1.o
                0x00002690                AdcLdd1_StartCalibration
 .text.AdcLdd1_GetCalibrationResultStatus
                0x000026dc       0xbc ./Generated_Code/AdcLdd1.o
                0x000026dc                AdcLdd1_GetCalibrationResultStatus
 .text.AdcLdd1_MeasurementCompleteInterrupt
                0x00002798       0x3c ./Generated_Code/AdcLdd1.o
                0x00002798                AdcLdd1_MeasurementCompleteInterrupt
 .text.BitIoLdd1_Init
                0x000027d4       0x64 ./Generated_Code/BitIoLdd1.o
                0x000027d4                BitIoLdd1_Init
 .text.BitIoLdd1_ClrVal
                0x00002838       0x1c ./Generated_Code/BitIoLdd1.o
                0x00002838                BitIoLdd1_ClrVal
 .text.BitIoLdd1_SetVal
                0x00002854       0x1c ./Generated_Code/BitIoLdd1.o
                0x00002854                BitIoLdd1_SetVal
 .text.BitIoLdd2_Init
                0x00002870       0x64 ./Generated_Code/BitIoLdd2.o
                0x00002870                BitIoLdd2_Init
 .text.BitIoLdd2_ClrVal
                0x000028d4       0x1c ./Generated_Code/BitIoLdd2.o
                0x000028d4                BitIoLdd2_ClrVal
 .text.BitIoLdd2_SetVal
                0x000028f0       0x1c ./Generated_Code/BitIoLdd2.o
                0x000028f0                BitIoLdd2_SetVal
 .text.BitIoLdd3_Init
                0x0000290c       0x64 ./Generated_Code/BitIoLdd3.o
                0x0000290c                BitIoLdd3_Init
 .text.BitIoLdd3_ClrVal
                0x00002970       0x1c ./Generated_Code/BitIoLdd3.o
                0x00002970                BitIoLdd3_ClrVal
 .text.BitIoLdd3_SetVal
                0x0000298c       0x1c ./Generated_Code/BitIoLdd3.o
                0x0000298c                BitIoLdd3_SetVal
 .text.Cpu_INT_NMIInterrupt
                0x000029a8       0x1c ./Generated_Code/Cpu.o
                0x000029a8                Cpu_INT_NMIInterrupt
 .text.Cpu_Interrupt
                0x000029c4       0x18 ./Generated_Code/Cpu.o
                0x000029c4                Cpu_Interrupt
 .text.__init_hardware
                0x000029dc      0x11c ./Generated_Code/Cpu.o
                0x000029dc                __init_hardware
 .text.Cpu_SetBASEPRI
                0x00002af8       0x18 ./Generated_Code/Cpu.o
                0x00002af8                Cpu_SetBASEPRI
 .text.PE_low_level_init
                0x00002b10       0xc8 ./Generated_Code/Cpu.o
                0x00002b10                PE_low_level_init
 .text.HWEnDi   0x00002bd8       0x1c ./Generated_Code/Inhr1.o
 .text.Inhr1_RecvChar
                0x00002bf4       0xd8 ./Generated_Code/Inhr1.o
                0x00002bf4                Inhr1_RecvChar
 .text.Inhr1_SendChar
                0x00002ccc       0xdc ./Generated_Code/Inhr1.o
                0x00002ccc                Inhr1_SendChar
 .text.Inhr1_Init
                0x00002da8       0x60 ./Generated_Code/Inhr1.o
                0x00002da8                Inhr1_Init
 .text.ASerialLdd1_OnBlockReceived
                0x00002e08       0x90 ./Generated_Code/Inhr1.o
                0x00002e08                ASerialLdd1_OnBlockReceived
 .text.ASerialLdd1_OnBlockSent
                0x00002e98       0x88 ./Generated_Code/Inhr1.o
                0x00002e98                ASerialLdd1_OnBlockSent
 .text.ASerialLdd1_OnError
                0x00002f20       0x98 ./Generated_Code/Inhr1.o
                0x00002f20                ASerialLdd1_OnError
 .text.ASerialLdd1_OnBreak
                0x00002fb8       0x24 ./Generated_Code/Inhr1.o
                0x00002fb8                ASerialLdd1_OnBreak
 .text.RealTimeLdd1_Init
                0x00002fdc       0x5c ./Generated_Code/RealTimeLdd1.o
                0x00002fdc                RealTimeLdd1_Init
 .text.RealTimeLdd1_Reset
                0x00003038       0x74 ./Generated_Code/RealTimeLdd1.o
                0x00003038                RealTimeLdd1_Reset
 .text.RealTimeLdd1_GetTimeMS
                0x000030ac       0xb0 ./Generated_Code/RealTimeLdd1.o
                0x000030ac                RealTimeLdd1_GetTimeMS
 .text.TU1_OnCounterRestart
                0x0000315c       0x34 ./Generated_Code/RealTimeLdd1.o
                0x0000315c                TU1_OnCounterRestart
 .text.TU1_Init
                0x00003190       0xf8 ./Generated_Code/TU1.o
                0x00003190                TU1_Init
 .text.TU1_ResetCounter
                0x00003288       0x20 ./Generated_Code/TU1.o
                0x00003288                TU1_ResetCounter
 .text.TU1_Interrupt
                0x000032a8       0x6c ./Generated_Code/TU1.o
                0x000032a8                TU1_Interrupt
 .text.Term1_SendChar
                0x00003314       0x20 ./Generated_Code/Term1.o
                0x00003314                Term1_SendChar
 .text.SendESCPrefix
                0x00003334       0x24 ./Generated_Code/Term1.o
 .text.Term1_ReadChar
                0x00003358       0x1c ./Generated_Code/Term1.o
                0x00003358                Term1_ReadChar
 .text.Term1_SendStr
                0x00003374       0x34 ./Generated_Code/Term1.o
                0x00003374                Term1_SendStr
 .text.LongToStr
                0x000033a8       0xf4 ./Generated_Code/Term1.o
 .text.Term1_SendNum
                0x0000349c       0x54 ./Generated_Code/Term1.o
                0x0000349c                Term1_SendNum
 .text.FloatToStr
                0x000034f0      0x1bc ./Generated_Code/Term1.o
 .text.Term1_SendFloatNum
                0x000036ac       0x64 ./Generated_Code/Term1.o
                0x000036ac                Term1_SendFloatNum
 .text.Term1_Cls
                0x00003710       0x28 ./Generated_Code/Term1.o
                0x00003710                Term1_Cls
 .text.Term1_MoveTo
                0x00003738       0x44 ./Generated_Code/Term1.o
                0x00003738                Term1_MoveTo
 .text.exit     0x0000377c       0x28 d:/kinetics design studio/toolchain/bin/../lib/gcc/arm-none-eabi/4.8.4/../../../../arm-none-eabi/lib/armv7e-m\libg_s.a(lib_a-exit.o)
                0x0000377c                exit
 .text.__libc_init_array
                0x000037a4       0x4c d:/kinetics design studio/toolchain/bin/../lib/gcc/arm-none-eabi/4.8.4/../../../../arm-none-eabi/lib/armv7e-m\libg_s.a(lib_a-init.o)
                0x000037a4                __libc_init_array
 .text.memset   0x000037f0       0x10 d:/kinetics design studio/toolchain/bin/../lib/gcc/arm-none-eabi/4.8.4/../../../../arm-none-eabi/lib/armv7e-m\libg_s.a(lib_a-memset.o)
                0x000037f0                memset
 .text.rand     0x00003800       0x74 d:/kinetics design studio/toolchain/bin/../lib/gcc/arm-none-eabi/4.8.4/../../../../arm-none-eabi/lib/armv7e-m\libg_s.a(lib_a-rand.o)
                0x00003800                rand
 .text.sscanf   0x00003874       0x54 d:/kinetics design studio/toolchain/bin/../lib/gcc/arm-none-eabi/4.8.4/../../../../arm-none-eabi/lib/armv7e-m\libg_s.a(lib_a-sscanf.o)
                0x00003874                siscanf
                0x00003874                sscanf
 .text.__seofread
                0x000038c8        0x4 d:/kinetics design studio/toolchain/bin/../lib/gcc/arm-none-eabi/4.8.4/../../../../arm-none-eabi/lib/armv7e-m\libg_s.a(lib_a-stdio.o)
                0x000038c8                __seofread
 .text.strlen   0x000038cc       0x10 d:/kinetics design studio/toolchain/bin/../lib/gcc/arm-none-eabi/4.8.4/../../../../arm-none-eabi/lib/armv7e-m\libg_s.a(lib_a-strlen.o)
                0x000038cc                strlen
 .text._sungetc_r
                0x000038dc       0x7a d:/kinetics design studio/toolchain/bin/../lib/gcc/arm-none-eabi/4.8.4/../../../../arm-none-eabi/lib/armv7e-m\libg_s.a(lib_a-svfscanf.o)
                0x000038dc                _sungetc_r
 .text.__ssrefill_r
                0x00003956       0x3a d:/kinetics design studio/toolchain/bin/../lib/gcc/arm-none-eabi/4.8.4/../../../../arm-none-eabi/lib/armv7e-m\libg_s.a(lib_a-svfscanf.o)
                0x00003956                __ssrefill_r
 .text.__ssvfscanf_r
                0x00003990      0x29c d:/kinetics design studio/toolchain/bin/../lib/gcc/arm-none-eabi/4.8.4/../../../../arm-none-eabi/lib/armv7e-m\libg_s.a(lib_a-svfscanf.o)
                0x00003990                __ssvfiscanf_r
                0x00003990                __ssvfscanf_r
 .text.__submore
                0x00003c2c       0x76 d:/kinetics design studio/toolchain/bin/../lib/gcc/arm-none-eabi/4.8.4/../../../../arm-none-eabi/lib/armv7e-m\libg_s.a(lib_a-ungetc.o)
                0x00003c2c                __submore
 *fill*         0x00003ca2        0x2 
 .text._scanf_chars
                0x00003ca4       0xc0 d:/kinetics design studio/toolchain/bin/../lib/gcc/arm-none-eabi/4.8.4/../../../../arm-none-eabi/lib/armv7e-m\libg_s.a(lib_a-vfscanf_i.o)
                0x00003ca4                _scanf_chars
 .text._scanf_i
                0x00003d64      0x1ec d:/kinetics design studio/toolchain/bin/../lib/gcc/arm-none-eabi/4.8.4/../../../../arm-none-eabi/lib/armv7e-m\libg_s.a(lib_a-vfscanf_i.o)
                0x00003d64                _scanf_i
 .text.malloc   0x00003f50       0x10 d:/kinetics design studio/toolchain/bin/../lib/gcc/arm-none-eabi/4.8.4/../../../../arm-none-eabi/lib/armv7e-m\libg_s.a(lib_a-malloc.o)
                0x00003f50                malloc
 .text.memchr   0x00003f60       0x1e d:/kinetics design studio/toolchain/bin/../lib/gcc/arm-none-eabi/4.8.4/../../../../arm-none-eabi/lib/armv7e-m\libg_s.a(lib_a-memchr-stub.o)
                0x00003f60                memchr
 .text.memcpy   0x00003f7e       0x12 d:/kinetics design studio/toolchain/bin/../lib/gcc/arm-none-eabi/4.8.4/../../../../arm-none-eabi/lib/armv7e-m\libg_s.a(lib_a-memcpy-stub.o)
                0x00003f7e                memcpy
 .text._free_r  0x00003f90       0x88 d:/kinetics design studio/toolchain/bin/../lib/gcc/arm-none-eabi/4.8.4/../../../../arm-none-eabi/lib/armv7e-m\libg_s.a(lib_a-nano-freer.o)
                0x00003f90                _free_r
 .text._malloc_r
                0x00004018       0xa8 d:/kinetics design studio/toolchain/bin/../lib/gcc/arm-none-eabi/4.8.4/../../../../arm-none-eabi/lib/armv7e-m\libg_s.a(lib_a-nano-mallocr.o)
                0x00004018                _malloc_r
 .text._realloc_r
                0x000040c0       0x4c d:/kinetics design studio/toolchain/bin/../lib/gcc/arm-none-eabi/4.8.4/../../../../arm-none-eabi/lib/armv7e-m\libg_s.a(lib_a-nano-reallocr.o)
                0x000040c0                _realloc_r
 .text._sbrk_r  0x0000410c       0x20 d:/kinetics design studio/toolchain/bin/../lib/gcc/arm-none-eabi/4.8.4/../../../../arm-none-eabi/lib/armv7e-m\libg_s.a(lib_a-sbrkr.o)
                0x0000410c                _sbrk_r
 .text.__sccl   0x0000412c       0x64 d:/kinetics design studio/toolchain/bin/../lib/gcc/arm-none-eabi/4.8.4/../../../../arm-none-eabi/lib/armv7e-m\libg_s.a(lib_a-sccl.o)
                0x0000412c                __sccl
 .text._strtol_r
                0x00004190      0x104 d:/kinetics design studio/toolchain/bin/../lib/gcc/arm-none-eabi/4.8.4/../../../../arm-none-eabi/lib/armv7e-m\libg_s.a(lib_a-strtol.o)
                0x00004190                _strtol_r
 .text._strtoul_r
                0x00004294       0xf0 d:/kinetics design studio/toolchain/bin/../lib/gcc/arm-none-eabi/4.8.4/../../../../arm-none-eabi/lib/armv7e-m\libg_s.a(lib_a-strtoul.o)
                0x00004294                _strtoul_r
 .text._malloc_usable_size_r
                0x00004384       0x12 d:/kinetics design studio/toolchain/bin/../lib/gcc/arm-none-eabi/4.8.4/../../../../arm-none-eabi/lib/armv7e-m\libg_s.a(lib_a-nano-msizer.o)
                0x00004384                _malloc_usable_size_r
 *fill*         0x00004396        0x2 
 .text._sbrk    0x00004398       0x34 d:/kinetics design studio/toolchain/bin/../lib/gcc/arm-none-eabi/4.8.4/../../../../arm-none-eabi/lib/armv7e-m\libnosys.a(sbrk.o)
                0x00004398                _sbrk
 .text._exit    0x000043cc        0x4 d:/kinetics design studio/toolchain/bin/../lib/gcc/arm-none-eabi/4.8.4/../../../../arm-none-eabi/lib/armv7e-m\libnosys.a(_exit.o)
                0x000043cc                _exit
 *(.rodata)
 .rodata        0x000043d0      0x11c ./Sources/main.o
 .rodata        0x000044ec        0xc d:/kinetics design studio/toolchain/bin/../lib/gcc/arm-none-eabi/4.8.4/../../../../arm-none-eabi/lib/armv7e-m\libg_s.a(lib_a-vfscanf_i.o)
 *(.rodata*)
 .rodata.str1.1
                0x000044f8        0x2 d:/kinetics design studio/toolchain/bin/../lib/gcc/arm-none-eabi/4.8.4/../../../../arm-none-eabi/lib/armv7e-m\libg_s.a(lib_a-impure.o)
 *fill*         0x000044fa        0x2 
 .rodata._global_impure_ptr
                0x000044fc        0x4 d:/kinetics design studio/toolchain/bin/../lib/gcc/arm-none-eabi/4.8.4/../../../../arm-none-eabi/lib/armv7e-m\libg_s.a(lib_a-impure.o)
                0x000044fc                _global_impure_ptr
 .rodata.str1.1
                0x00004500        0x4 d:/kinetics design studio/toolchain/bin/../lib/gcc/arm-none-eabi/4.8.4/../../../../arm-none-eabi/lib/armv7e-m\libg_s.a(lib_a-svfscanf.o)
 .rodata.str1.1
                0x00004504       0x1b d:/kinetics design studio/toolchain/bin/../lib/gcc/arm-none-eabi/4.8.4/../../../../arm-none-eabi/lib/armv7e-m\libg_s.a(lib_a-vfscanf_i.o)
 .rodata._ctype_
                0x0000451f      0x101 d:/kinetics design studio/toolchain/bin/../lib/gcc/arm-none-eabi/4.8.4/../../../../arm-none-eabi/lib/armv7e-m\libg_s.a(lib_a-ctype_.o)
                0x0000451f                _ctype_
 .rodata.__sf_fake_stdin
                0x00004620       0x20 d:/kinetics design studio/toolchain/bin/../lib/gcc/arm-none-eabi/4.8.4/../../../../arm-none-eabi/lib/armv7e-m\libg_s.a(lib_a-findfp.o)
                0x00004620                __sf_fake_stdin
 .rodata.__sf_fake_stdout
                0x00004640       0x20 d:/kinetics design studio/toolchain/bin/../lib/gcc/arm-none-eabi/4.8.4/../../../../arm-none-eabi/lib/armv7e-m\libg_s.a(lib_a-findfp.o)
                0x00004640                __sf_fake_stdout
 .rodata.__sf_fake_stderr
                0x00004660       0x20 d:/kinetics design studio/toolchain/bin/../lib/gcc/arm-none-eabi/4.8.4/../../../../arm-none-eabi/lib/armv7e-m\libg_s.a(lib_a-findfp.o)
                0x00004660                __sf_fake_stderr
 *(.glue_7)
 .glue_7        0x00000000        0x0 linker stubs
 *(.glue_7t)
 .glue_7t       0x00000000        0x0 linker stubs
 *(.eh_frame)
 .eh_frame      0x00004680        0x0 d:/kinetics design studio/toolchain/bin/../lib/gcc/arm-none-eabi/4.8.4/armv7e-m/crtbegin.o
 *(.init)
 .init          0x00004680        0x4 d:/kinetics design studio/toolchain/bin/../lib/gcc/arm-none-eabi/4.8.4/armv7e-m/crti.o
                0x00004680                _init
 .init          0x00004684        0x8 d:/kinetics design studio/toolchain/bin/../lib/gcc/arm-none-eabi/4.8.4/armv7e-m/crtn.o
 *(.fini)
 .fini          0x0000468c        0x4 d:/kinetics design studio/toolchain/bin/../lib/gcc/arm-none-eabi/4.8.4/armv7e-m/crti.o
                0x0000468c                _fini
 .fini          0x00004690        0x8 d:/kinetics design studio/toolchain/bin/../lib/gcc/arm-none-eabi/4.8.4/armv7e-m/crtn.o
                0x00004698                . = ALIGN (0x4)
                0x00004698                _etext = .

.vfp11_veneer   0x00004698        0x0
 .vfp11_veneer  0x00000000        0x0 linker stubs

.v4_bx          0x00004698        0x0
 .v4_bx         0x00000000        0x0 linker stubs

.iplt           0x00004698        0x0
 .iplt          0x00000000        0x0 d:/kinetics design studio/toolchain/bin/../lib/gcc/arm-none-eabi/4.8.4/armv7e-m/crtbegin.o

.ARM.extab
 *(.ARM.extab* .gnu.linkonce.armextab.*)

.ARM            0x00004698        0x8
                0x00004698                __exidx_start = .
 *(.ARM.exidx*)
 .ARM.exidx     0x00004698        0x8 d:/kinetics design studio/toolchain/bin/../lib/gcc/arm-none-eabi/4.8.4/../../../../arm-none-eabi/lib/armv7e-m/crt0.o
                0x000046a0                __exidx_end = .

.rel.dyn        0x000046a0        0x0
 .rel.iplt      0x00000000        0x0 d:/kinetics design studio/toolchain/bin/../lib/gcc/arm-none-eabi/4.8.4/armv7e-m/crtbegin.o

.ctors          0x000046a0        0x0
                0x000046a0                __CTOR_LIST__ = .
 *crtbegin.o(.ctors)
 *(EXCLUDE_FILE(*crtend.o) .ctors)
 *(SORT(.ctors.*))
 *(.ctors)
                0x000046a0                __CTOR_END__ = .

.dtors          0x000046a0        0x0
                0x000046a0                __DTOR_LIST__ = .
 *crtbegin.o(.dtors)
 *(EXCLUDE_FILE(*crtend.o) .dtors)
 *(SORT(.dtors.*))
 *(.dtors)
                0x000046a0                __DTOR_END__ = .

.preinit_array  0x000046a0        0x0
                0x000046a0                PROVIDE (__preinit_array_start, .)
 *(.preinit_array*)
                0x000046a0                PROVIDE (__preinit_array_end, .)

.init_array     0x000046a0        0x4
                0x000046a0                PROVIDE (__init_array_start, .)
 *(SORT(.init_array.*))
 *(.init_array*)
 .init_array    0x000046a0        0x4 d:/kinetics design studio/toolchain/bin/../lib/gcc/arm-none-eabi/4.8.4/armv7e-m/crtbegin.o
                0x000046a4                PROVIDE (__init_array_end, .)

.fini_array     0x000046a4        0x4
                0x000046a4                PROVIDE (__fini_array_start, .)
 *(SORT(.fini_array.*))
 *(.fini_array*)
 .fini_array    0x000046a4        0x4 d:/kinetics design studio/toolchain/bin/../lib/gcc/arm-none-eabi/4.8.4/armv7e-m/crtbegin.o
                0x000046a8                PROVIDE (__fini_array_end, .)
                0x000046a8                ___ROM_AT = .

.data           0x1fffe000       0x68 load address 0x000046a8
                0x1fffe000                . = ALIGN (0x4)
                0x1fffe000                _sdata = .
 *(.data)
 *(.data*)
 .data.impure_data
                0x1fffe000       0x60 d:/kinetics design studio/toolchain/bin/../lib/gcc/arm-none-eabi/4.8.4/../../../../arm-none-eabi/lib/armv7e-m\libg_s.a(lib_a-impure.o)
 .data._impure_ptr
                0x1fffe060        0x4 d:/kinetics design studio/toolchain/bin/../lib/gcc/arm-none-eabi/4.8.4/../../../../arm-none-eabi/lib/armv7e-m\libg_s.a(lib_a-impure.o)
                0x1fffe060                _impure_ptr
 .data.__ctype_ptr__
                0x1fffe064        0x4 d:/kinetics design studio/toolchain/bin/../lib/gcc/arm-none-eabi/4.8.4/../../../../arm-none-eabi/lib/armv7e-m\libg_s.a(lib_a-ctype_.o)
                0x1fffe064                __ctype_ptr__
                0x1fffe068                . = ALIGN (0x4)
                0x1fffe068                _edata = .
                0x00000068                ___data_size = (_edata - _sdata)
                0x00004710                ___m_data_20000000_ROMStart = (___ROM_AT + SIZEOF (.data))

.jcr            0x1fffe068        0x0 load address 0x00004710
 .jcr           0x1fffe068        0x0 d:/kinetics design studio/toolchain/bin/../lib/gcc/arm-none-eabi/4.8.4/armv7e-m/crtbegin.o

.igot.plt       0x1fffe068        0x0 load address 0x00004710
 .igot.plt      0x00000000        0x0 d:/kinetics design studio/toolchain/bin/../lib/gcc/arm-none-eabi/4.8.4/armv7e-m/crtbegin.o

.m_data_20000000
                0x20000000        0x0 load address 0x00004710
                0x20000000                . = ALIGN (0x4)
                0x20000000                ___m_data_20000000_RAMStart = .
 *(.m_data_20000000)
                0x20000000                ___m_data_20000000_RAMEnd = .
                0x20000000                . = ALIGN (0x4)
                0x00000000                ___m_data_20000000_ROMSize = (___m_data_20000000_RAMEnd - ___m_data_20000000_RAMStart)
                0x20000000                . = ALIGN (0x4)

.bss            0x1fffe068      0x30c load address 0x00004710
                0x1fffe068                __START_BSS = .
                0x1fffe068                PROVIDE (__bss_start__, __START_BSS)
 *(.bss)
 .bss           0x1fffe068       0x1c d:/kinetics design studio/toolchain/bin/../lib/gcc/arm-none-eabi/4.8.4/armv7e-m/crtbegin.o
 *(.bss*)
 .bss.sendMode  0x1fffe084        0x1 ./Sources/main.o
                0x1fffe084                sendMode
 .bss.ModeFlg   0x1fffe085        0x1 ./Generated_Code/ADC.o
 *fill*         0x1fffe086        0x2 
 .bss.SampleGroup
                0x1fffe088        0x4 ./Generated_Code/ADC.o
 .bss.OutFlg    0x1fffe08c        0x1 ./Generated_Code/ADC.o
 *fill*         0x1fffe08d        0x3 
 .bss.DeviceDataPrv__DEFAULT_RTOS_ALLOC
                0x1fffe090       0x20 ./Generated_Code/ASerialLdd1.o
 .bss.INT_UART0_RX_TX__DEFAULT_RTOS_ISRPARAM
                0x1fffe0b0        0x4 ./Generated_Code/ASerialLdd1.o
 .bss.INT_UART0_ERR__DEFAULT_RTOS_ISRPARAM
                0x1fffe0b4        0x4 ./Generated_Code/ASerialLdd1.o
 .bss.DeviceDataPrv__DEFAULT_RTOS_ALLOC
                0x1fffe0b8        0x8 ./Generated_Code/AdcLdd1.o
 .bss.INT_ADC0__DEFAULT_RTOS_ISRPARAM
                0x1fffe0c0        0x4 ./Generated_Code/AdcLdd1.o
 .bss.DeviceDataPrv__DEFAULT_RTOS_ALLOC
                0x1fffe0c4        0x4 ./Generated_Code/BitIoLdd1.o
 .bss.DeviceDataPrv__DEFAULT_RTOS_ALLOC
                0x1fffe0c8        0x4 ./Generated_Code/BitIoLdd2.o
 .bss.DeviceDataPrv__DEFAULT_RTOS_ALLOC
                0x1fffe0cc        0x4 ./Generated_Code/BitIoLdd3.o
 .bss.SR_lock   0x1fffe0d0        0x1 ./Generated_Code/Cpu.o
                0x1fffe0d0                SR_lock
 *fill*         0x1fffe0d1        0x1 
 .bss.SerFlag   0x1fffe0d2        0x2 ./Generated_Code/Inhr1.o
 .bss.Inhr1_InpLen
                0x1fffe0d4        0x2 ./Generated_Code/Inhr1.o
 .bss.InpIndexR
                0x1fffe0d6        0x2 ./Generated_Code/Inhr1.o
 .bss.InpIndexW
                0x1fffe0d8        0x2 ./Generated_Code/Inhr1.o
 *fill*         0x1fffe0da        0x2 
 .bss.InpBuffer
                0x1fffe0dc       0xc8 ./Generated_Code/Inhr1.o
 .bss.BufferRead
                0x1fffe1a4        0x1 ./Generated_Code/Inhr1.o
 *fill*         0x1fffe1a5        0x1 
 .bss.Inhr1_OutLen
                0x1fffe1a6        0x2 ./Generated_Code/Inhr1.o
 .bss.OutIndexR
                0x1fffe1a8        0x2 ./Generated_Code/Inhr1.o
 .bss.OutIndexW
                0x1fffe1aa        0x2 ./Generated_Code/Inhr1.o
 .bss.OutBuffer
                0x1fffe1ac       0xc8 ./Generated_Code/Inhr1.o
 .bss.PE_LDD_DeviceDataList
                0x1fffe274       0x1c ./Generated_Code/PE_LDD.o
                0x1fffe274                PE_LDD_DeviceDataList
 .bss.DeviceDataPrv__DEFAULT_RTOS_ALLOC
                0x1fffe290       0x14 ./Generated_Code/RealTimeLdd1.o
 .bss.DeviceDataPrv__DEFAULT_RTOS_ALLOC
                0x1fffe2a4        0xc ./Generated_Code/TU1.o
 .bss.INT_FTM0__DEFAULT_RTOS_ISRPARAM
                0x1fffe2b0        0x4 ./Generated_Code/TU1.o
 .bss.__malloc_sbrk_start
                0x1fffe2b4        0x4 d:/kinetics design studio/toolchain/bin/../lib/gcc/arm-none-eabi/4.8.4/../../../../arm-none-eabi/lib/armv7e-m\libg_s.a(lib_a-nano-mallocr.o)
                0x1fffe2b4                __malloc_sbrk_start
 .bss.__malloc_free_list
                0x1fffe2b8        0x4 d:/kinetics design studio/toolchain/bin/../lib/gcc/arm-none-eabi/4.8.4/../../../../arm-none-eabi/lib/armv7e-m\libg_s.a(lib_a-nano-mallocr.o)
                0x1fffe2b8                __malloc_free_list
 .bss.heap_end.4246
                0x1fffe2bc        0x4 d:/kinetics design studio/toolchain/bin/../lib/gcc/arm-none-eabi/4.8.4/../../../../arm-none-eabi/lib/armv7e-m\libnosys.a(sbrk.o)
 *(COMMON)
 COMMON         0x1fffe2c0       0x9d ./Sources/main.o
                0x1fffe2c0                buffer
                0x1fffe358                index
                0x1fffe35c                complete_command
 *fill*         0x1fffe35d        0x3 
 COMMON         0x1fffe360        0x8 ./Generated_Code/ADC.o
                0x1fffe360                ADC_OutV
                0x1fffe364                AdcLdd1_DeviceDataPtr
 COMMON         0x1fffe368        0x1 ./Generated_Code/Cpu.o
                0x1fffe368                SR_reg
 *fill*         0x1fffe369        0x3 
 COMMON         0x1fffe36c        0x4 ./Generated_Code/Inhr1.o
                0x1fffe36c                ASerialLdd1_DeviceDataPtr
 COMMON         0x1fffe370        0x4 d:/kinetics design studio/toolchain/bin/../lib/gcc/arm-none-eabi/4.8.4/../../../../arm-none-eabi/lib/armv7e-m\libg_s.a(lib_a-reent.o)
                0x1fffe370                errno
                0x1fffe374                . = ALIGN (0x4)
                0x1fffe374                __END_BSS = .
                0x1fffe374                PROVIDE (__bss_end__, __END_BSS)
                0x00004710                _romp_at = ((___ROM_AT + SIZEOF (.data)) + SIZEOF (.m_data_20000000))

.romp           0x1fffe374       0x24 load address 0x00004710
                0x00004710                __S_romp = _romp_at
                0x1fffe374        0x4 LONG 0x46a8 ___ROM_AT
                0x1fffe378        0x4 LONG 0x1fffe000 _sdata
                0x1fffe37c        0x4 LONG 0x68 ___data_size
                0x1fffe380        0x4 LONG 0x4710 ___m_data_20000000_ROMStart
                0x1fffe384        0x4 LONG 0x20000000 ___m_data_20000000_RAMStart
                0x1fffe388        0x4 LONG 0x0 ___m_data_20000000_ROMSize
                0x1fffe38c        0x4 LONG 0x0
                0x1fffe390        0x4 LONG 0x0
                0x1fffe394        0x4 LONG 0x0
                0x00020000                text_end = (ORIGIN (m_text) + 0x1fbf0)
                0x00004734                data_init_end = ((___m_data_20000000_ROMStart + SIZEOF (.m_data_20000000)) + SIZEOF (.romp))
                0x00000001                ASSERT ((data_init_end <= text_end), region m_text overflowed with text and data)

._user_heap_stack
                0x1fffe398      0x400 load address 0x00004734
                0x1fffe398                . = ALIGN (0x4)
                0x1fffe398                PROVIDE (end, .)
                0x1fffe398                PROVIDE (_end, .)
                0x1fffe398                PROVIDE (__end__, .)
                0x1fffe398                __heap_addr = .
                0x1fffe398                __HeapBase = .
                0x1fffe398                . = (. + __heap_size)
                0x1fffe398                __HeapLimit = .
                0x1fffe798                . = (. + __stack_size)
 *fill*         0x1fffe398      0x400 
                0x1fffe798                . = ALIGN (0x4)

.ARM.attributes
                0x00000000       0x2a
 *(.ARM.attributes)
 .ARM.attributes
                0x00000000       0x1e d:/kinetics design studio/toolchain/bin/../lib/gcc/arm-none-eabi/4.8.4/armv7e-m/crti.o
 .ARM.attributes
                0x0000001e       0x2e d:/kinetics design studio/toolchain/bin/../lib/gcc/arm-none-eabi/4.8.4/armv7e-m/crtbegin.o
 .ARM.attributes
                0x0000004c       0x1c d:/kinetics design studio/toolchain/bin/../lib/gcc/arm-none-eabi/4.8.4/../../../../arm-none-eabi/lib/armv7e-m/crt0.o
 .ARM.attributes
                0x00000068       0x33 ./Sources/Events.o
 .ARM.attributes
                0x0000009b       0x33 ./Sources/main.o
 .ARM.attributes
                0x000000ce       0x33 ./Project_Settings/Startup_Code/startup.o
 .ARM.attributes
                0x00000101       0x33 ./Generated_Code/ADC.o
 .ARM.attributes
                0x00000134       0x33 ./Generated_Code/ASerialLdd1.o
 .ARM.attributes
                0x00000167       0x33 ./Generated_Code/AdcLdd1.o
 .ARM.attributes
                0x0000019a       0x33 ./Generated_Code/BitIoLdd1.o
 .ARM.attributes
                0x000001cd       0x33 ./Generated_Code/BitIoLdd2.o
 .ARM.attributes
                0x00000200       0x33 ./Generated_Code/BitIoLdd3.o
 .ARM.attributes
                0x00000233       0x33 ./Generated_Code/Cpu.o
 .ARM.attributes
                0x00000266       0x33 ./Generated_Code/Inhr1.o
 .ARM.attributes
                0x00000299       0x33 ./Generated_Code/PE_LDD.o
 .ARM.attributes
                0x000002cc       0x33 ./Generated_Code/RealTimeLdd1.o
 .ARM.attributes
                0x000002ff       0x33 ./Generated_Code/TU1.o
 .ARM.attributes
                0x00000332       0x33 ./Generated_Code/Term1.o
 .ARM.attributes
                0x00000365       0x33 ./Generated_Code/Vectors.o
 .ARM.attributes
                0x00000398       0x1e d:/kinetics design studio/toolchain/bin/../lib/gcc/arm-none-eabi/4.8.4/armv7e-m\libgcc.a(_arm_addsubdf3.o)
 .ARM.attributes
                0x000003b6       0x1e d:/kinetics design studio/toolchain/bin/../lib/gcc/arm-none-eabi/4.8.4/armv7e-m\libgcc.a(_arm_muldivdf3.o)
 .ARM.attributes
                0x000003d4       0x1e d:/kinetics design studio/toolchain/bin/../lib/gcc/arm-none-eabi/4.8.4/armv7e-m\libgcc.a(_arm_truncdfsf2.o)
 .ARM.attributes
                0x000003f2       0x1e d:/kinetics design studio/toolchain/bin/../lib/gcc/arm-none-eabi/4.8.4/armv7e-m\libgcc.a(_arm_addsubsf3.o)
 .ARM.attributes
                0x00000410       0x1e d:/kinetics design studio/toolchain/bin/../lib/gcc/arm-none-eabi/4.8.4/armv7e-m\libgcc.a(_arm_muldivsf3.o)
 .ARM.attributes
                0x0000042e       0x1e d:/kinetics design studio/toolchain/bin/../lib/gcc/arm-none-eabi/4.8.4/armv7e-m\libgcc.a(_arm_cmpsf2.o)
 .ARM.attributes
                0x0000044c       0x1e d:/kinetics design studio/toolchain/bin/../lib/gcc/arm-none-eabi/4.8.4/armv7e-m\libgcc.a(_arm_fixsfsi.o)
 .ARM.attributes
                0x0000046a       0x1e d:/kinetics design studio/toolchain/bin/../lib/gcc/arm-none-eabi/4.8.4/armv7e-m\libgcc.a(_arm_fixunssfsi.o)
 .ARM.attributes
                0x00000488       0x2e d:/kinetics design studio/toolchain/bin/../lib/gcc/arm-none-eabi/4.8.4/../../../../arm-none-eabi/lib/armv7e-m\libg_s.a(lib_a-exit.o)
 .ARM.attributes
                0x000004b6       0x2e d:/kinetics design studio/toolchain/bin/../lib/gcc/arm-none-eabi/4.8.4/../../../../arm-none-eabi/lib/armv7e-m\libg_s.a(lib_a-impure.o)
 .ARM.attributes
                0x000004e4       0x2e d:/kinetics design studio/toolchain/bin/../lib/gcc/arm-none-eabi/4.8.4/../../../../arm-none-eabi/lib/armv7e-m\libg_s.a(lib_a-init.o)
 .ARM.attributes
                0x00000512       0x2e d:/kinetics design studio/toolchain/bin/../lib/gcc/arm-none-eabi/4.8.4/../../../../arm-none-eabi/lib/armv7e-m\libg_s.a(lib_a-memset.o)
 .ARM.attributes
                0x00000540       0x2e d:/kinetics design studio/toolchain/bin/../lib/gcc/arm-none-eabi/4.8.4/../../../../arm-none-eabi/lib/armv7e-m\libg_s.a(lib_a-rand.o)
 .ARM.attributes
                0x0000056e       0x2e d:/kinetics design studio/toolchain/bin/../lib/gcc/arm-none-eabi/4.8.4/../../../../arm-none-eabi/lib/armv7e-m\libg_s.a(lib_a-sscanf.o)
 .ARM.attributes
                0x0000059c       0x2e d:/kinetics design studio/toolchain/bin/../lib/gcc/arm-none-eabi/4.8.4/../../../../arm-none-eabi/lib/armv7e-m\libg_s.a(lib_a-stdio.o)
 .ARM.attributes
                0x000005ca       0x1c d:/kinetics design studio/toolchain/bin/../lib/gcc/arm-none-eabi/4.8.4/../../../../arm-none-eabi/lib/armv7e-m\libg_s.a(lib_a-strcmp.o)
 .ARM.attributes
                0x000005e6       0x2e d:/kinetics design studio/toolchain/bin/../lib/gcc/arm-none-eabi/4.8.4/../../../../arm-none-eabi/lib/armv7e-m\libg_s.a(lib_a-strlen.o)
 .ARM.attributes
                0x00000614       0x2e d:/kinetics design studio/toolchain/bin/../lib/gcc/arm-none-eabi/4.8.4/../../../../arm-none-eabi/lib/armv7e-m\libg_s.a(lib_a-svfscanf.o)
 .ARM.attributes
                0x00000642       0x2e d:/kinetics design studio/toolchain/bin/../lib/gcc/arm-none-eabi/4.8.4/../../../../arm-none-eabi/lib/armv7e-m\libg_s.a(lib_a-ungetc.o)
 .ARM.attributes
                0x00000670       0x2e d:/kinetics design studio/toolchain/bin/../lib/gcc/arm-none-eabi/4.8.4/../../../../arm-none-eabi/lib/armv7e-m\libg_s.a(lib_a-vfscanf_i.o)
 .ARM.attributes
                0x0000069e       0x2e d:/kinetics design studio/toolchain/bin/../lib/gcc/arm-none-eabi/4.8.4/../../../../arm-none-eabi/lib/armv7e-m\libg_s.a(lib_a-ctype_.o)
 .ARM.attributes
                0x000006cc       0x2e d:/kinetics design studio/toolchain/bin/../lib/gcc/arm-none-eabi/4.8.4/../../../../arm-none-eabi/lib/armv7e-m\libg_s.a(lib_a-findfp.o)
 .ARM.attributes
                0x000006fa       0x2e d:/kinetics design studio/toolchain/bin/../lib/gcc/arm-none-eabi/4.8.4/../../../../arm-none-eabi/lib/armv7e-m\libg_s.a(lib_a-malloc.o)
 .ARM.attributes
                0x00000728       0x2e d:/kinetics design studio/toolchain/bin/../lib/gcc/arm-none-eabi/4.8.4/../../../../arm-none-eabi/lib/armv7e-m\libg_s.a(lib_a-memchr-stub.o)
 .ARM.attributes
                0x00000756       0x2e d:/kinetics design studio/toolchain/bin/../lib/gcc/arm-none-eabi/4.8.4/../../../../arm-none-eabi/lib/armv7e-m\libg_s.a(lib_a-memcpy-stub.o)
 .ARM.attributes
                0x00000784       0x2e d:/kinetics design studio/toolchain/bin/../lib/gcc/arm-none-eabi/4.8.4/../../../../arm-none-eabi/lib/armv7e-m\libg_s.a(lib_a-nano-freer.o)
 .ARM.attributes
                0x000007b2       0x2e d:/kinetics design studio/toolchain/bin/../lib/gcc/arm-none-eabi/4.8.4/../../../../arm-none-eabi/lib/armv7e-m\libg_s.a(lib_a-nano-mallocr.o)
 .ARM.attributes
                0x000007e0       0x2e d:/kinetics design studio/toolchain/bin/../lib/gcc/arm-none-eabi/4.8.4/../../../../arm-none-eabi/lib/armv7e-m\libg_s.a(lib_a-nano-reallocr.o)
 .ARM.attributes
                0x0000080e       0x2e d:/kinetics design studio/toolchain/bin/../lib/gcc/arm-none-eabi/4.8.4/../../../../arm-none-eabi/lib/armv7e-m\libg_s.a(lib_a-reent.o)
 .ARM.attributes
                0x0000083c       0x2e d:/kinetics design studio/toolchain/bin/../lib/gcc/arm-none-eabi/4.8.4/../../../../arm-none-eabi/lib/armv7e-m\libg_s.a(lib_a-sbrkr.o)
 .ARM.attributes
                0x0000086a       0x2e d:/kinetics design studio/toolchain/bin/../lib/gcc/arm-none-eabi/4.8.4/../../../../arm-none-eabi/lib/armv7e-m\libg_s.a(lib_a-sccl.o)
 .ARM.attributes
                0x00000898       0x2e d:/kinetics design studio/toolchain/bin/../lib/gcc/arm-none-eabi/4.8.4/../../../../arm-none-eabi/lib/armv7e-m\libg_s.a(lib_a-strtol.o)
 .ARM.attributes
                0x000008c6       0x2e d:/kinetics design studio/toolchain/bin/../lib/gcc/arm-none-eabi/4.8.4/../../../../arm-none-eabi/lib/armv7e-m\libg_s.a(lib_a-strtoul.o)
 .ARM.attributes
                0x000008f4       0x2e d:/kinetics design studio/toolchain/bin/../lib/gcc/arm-none-eabi/4.8.4/../../../../arm-none-eabi/lib/armv7e-m\libg_s.a(lib_a-nano-msizer.o)
 .ARM.attributes
                0x00000922       0x2e d:/kinetics design studio/toolchain/bin/../lib/gcc/arm-none-eabi/4.8.4/../../../../arm-none-eabi/lib/armv7e-m\libnosys.a(sbrk.o)
 .ARM.attributes
                0x00000950       0x2e d:/kinetics design studio/toolchain/bin/../lib/gcc/arm-none-eabi/4.8.4/../../../../arm-none-eabi/lib/armv7e-m\libnosys.a(_exit.o)
 .ARM.attributes
                0x0000097e       0x1e d:/kinetics design studio/toolchain/bin/../lib/gcc/arm-none-eabi/4.8.4/armv7e-m/crtn.o
OUTPUT(2019_exam_question2.elf elf32-littlearm)

.debug_info     0x00000000     0x4571
 .debug_info    0x00000000      0x137 ./Sources/Events.o
 .debug_info    0x00000137      0x360 ./Sources/main.o
 .debug_info    0x00000497      0x20a ./Project_Settings/Startup_Code/startup.o
 .debug_info    0x000006a1      0x23b ./Generated_Code/ADC.o
 .debug_info    0x000008dc      0xab5 ./Generated_Code/ASerialLdd1.o
 .debug_info    0x00001391      0x885 ./Generated_Code/AdcLdd1.o
 .debug_info    0x00001c16      0x387 ./Generated_Code/BitIoLdd1.o
 .debug_info    0x00001f9d      0x387 ./Generated_Code/BitIoLdd2.o
 .debug_info    0x00002324      0x387 ./Generated_Code/BitIoLdd3.o
 .debug_info    0x000026ab      0x9e9 ./Generated_Code/Cpu.o
 .debug_info    0x00003094      0x367 ./Generated_Code/Inhr1.o
 .debug_info    0x000033fb      0x251 ./Generated_Code/PE_LDD.o
 .debug_info    0x0000364c      0x36e ./Generated_Code/RealTimeLdd1.o
 .debug_info    0x000039ba      0x684 ./Generated_Code/TU1.o
 .debug_info    0x0000403e      0x425 ./Generated_Code/Term1.o
 .debug_info    0x00004463      0x10e ./Generated_Code/Vectors.o

.debug_abbrev   0x00000000     0x1520
 .debug_abbrev  0x00000000       0xa5 ./Sources/Events.o
 .debug_abbrev  0x000000a5      0x155 ./Sources/main.o
 .debug_abbrev  0x000001fa      0x11e ./Project_Settings/Startup_Code/startup.o
 .debug_abbrev  0x00000318      0x150 ./Generated_Code/ADC.o
 .debug_abbrev  0x00000468      0x1db ./Generated_Code/ASerialLdd1.o
 .debug_abbrev  0x00000643      0x1b4 ./Generated_Code/AdcLdd1.o
 .debug_abbrev  0x000007f7      0x15f ./Generated_Code/BitIoLdd1.o
 .debug_abbrev  0x00000956      0x15f ./Generated_Code/BitIoLdd2.o
 .debug_abbrev  0x00000ab5      0x15f ./Generated_Code/BitIoLdd3.o
 .debug_abbrev  0x00000c14      0x178 ./Generated_Code/Cpu.o
 .debug_abbrev  0x00000d8c      0x18f ./Generated_Code/Inhr1.o
 .debug_abbrev  0x00000f1b      0x10d ./Generated_Code/PE_LDD.o
 .debug_abbrev  0x00001028      0x134 ./Generated_Code/RealTimeLdd1.o
 .debug_abbrev  0x0000115c      0x16a ./Generated_Code/TU1.o
 .debug_abbrev  0x000012c6      0x1b6 ./Generated_Code/Term1.o
 .debug_abbrev  0x0000147c       0xa4 ./Generated_Code/Vectors.o

.debug_aranges  0x00000000      0x478
 .debug_aranges
                0x00000000       0x38 ./Sources/Events.o
 .debug_aranges
                0x00000038       0x40 ./Sources/main.o
 .debug_aranges
                0x00000078       0x50 ./Project_Settings/Startup_Code/startup.o
 .debug_aranges
                0x000000c8       0x48 ./Generated_Code/ADC.o
 .debug_aranges
                0x00000110       0x50 ./Generated_Code/ASerialLdd1.o
 .debug_aranges
                0x00000160       0x60 ./Generated_Code/AdcLdd1.o
 .debug_aranges
                0x000001c0       0x48 ./Generated_Code/BitIoLdd1.o
 .debug_aranges
                0x00000208       0x48 ./Generated_Code/BitIoLdd2.o
 .debug_aranges
                0x00000250       0x48 ./Generated_Code/BitIoLdd3.o
 .debug_aranges
                0x00000298       0x40 ./Generated_Code/Cpu.o
 .debug_aranges
                0x000002d8       0x60 ./Generated_Code/Inhr1.o
 .debug_aranges
                0x00000338       0x30 ./Generated_Code/PE_LDD.o
 .debug_aranges
                0x00000368       0x40 ./Generated_Code/RealTimeLdd1.o
 .debug_aranges
                0x000003a8       0x30 ./Generated_Code/TU1.o
 .debug_aranges
                0x000003d8       0x88 ./Generated_Code/Term1.o
 .debug_aranges
                0x00000460       0x18 ./Generated_Code/Vectors.o

.debug_ranges   0x00000000      0x370
 .debug_ranges  0x00000000       0x28 ./Sources/Events.o
 .debug_ranges  0x00000028       0x30 ./Sources/main.o
 .debug_ranges  0x00000058       0x40 ./Project_Settings/Startup_Code/startup.o
 .debug_ranges  0x00000098       0x38 ./Generated_Code/ADC.o
 .debug_ranges  0x000000d0       0x40 ./Generated_Code/ASerialLdd1.o
 .debug_ranges  0x00000110       0x50 ./Generated_Code/AdcLdd1.o
 .debug_ranges  0x00000160       0x38 ./Generated_Code/BitIoLdd1.o
 .debug_ranges  0x00000198       0x38 ./Generated_Code/BitIoLdd2.o
 .debug_ranges  0x000001d0       0x38 ./Generated_Code/BitIoLdd3.o
 .debug_ranges  0x00000208       0x30 ./Generated_Code/Cpu.o
 .debug_ranges  0x00000238       0x50 ./Generated_Code/Inhr1.o
 .debug_ranges  0x00000288       0x20 ./Generated_Code/PE_LDD.o
 .debug_ranges  0x000002a8       0x30 ./Generated_Code/RealTimeLdd1.o
 .debug_ranges  0x000002d8       0x20 ./Generated_Code/TU1.o
 .debug_ranges  0x000002f8       0x78 ./Generated_Code/Term1.o

.debug_macro    0x00000000    0x1a369
 .debug_macro   0x00000000      0x2a0 ./Sources/Events.o
 .debug_macro   0x000002a0      0x84a ./Sources/Events.o
 .debug_macro   0x00000aea       0x16 ./Sources/Events.o
 .debug_macro   0x00000b00       0x44 ./Sources/Events.o
 .debug_macro   0x00000b44      0x209 ./Sources/Events.o
 .debug_macro   0x00000d4d     0x1687 ./Sources/Events.o
 .debug_macro   0x000023d4      0x14e ./Sources/Events.o
 .debug_macro   0x00002522       0x6a ./Sources/Events.o
 .debug_macro   0x0000258c     0x9b9f ./Sources/Events.o
 .debug_macro   0x0000c12b       0x94 ./Sources/Events.o
 .debug_macro   0x0000c1bf       0x94 ./Sources/Events.o
 .debug_macro   0x0000c253      0x616 ./Sources/Events.o
 .debug_macro   0x0000c869       0x7b ./Sources/Events.o
 .debug_macro   0x0000c8e4       0x10 ./Sources/Events.o
 .debug_macro   0x0000c8f4       0x3a ./Sources/Events.o
 .debug_macro   0x0000c92e       0x65 ./Sources/Events.o
 .debug_macro   0x0000c993       0x20 ./Sources/Events.o
 .debug_macro   0x0000c9b3      0x132 ./Sources/Events.o
 .debug_macro   0x0000cae5       0x46 ./Sources/Events.o
 .debug_macro   0x0000cb2b       0x26 ./Sources/Events.o
 .debug_macro   0x0000cb51       0x4c ./Sources/Events.o
 .debug_macro   0x0000cb9d       0x26 ./Sources/Events.o
 .debug_macro   0x0000cbc3       0x4c ./Sources/Events.o
 .debug_macro   0x0000cc0f       0x26 ./Sources/Events.o
 .debug_macro   0x0000cc35      0x6a6 ./Sources/Events.o
 .debug_macro   0x0000d2db       0x52 ./Sources/Events.o
 .debug_macro   0x0000d32d       0x28 ./Sources/Events.o
 .debug_macro   0x0000d355       0x18 ./Sources/Events.o
 .debug_macro   0x0000d36d       0x22 ./Sources/Events.o
 .debug_macro   0x0000d38f       0x58 ./Sources/Events.o
 .debug_macro   0x0000d3e7       0x35 ./Sources/Events.o
 .debug_macro   0x0000d41c       0xa3 ./Sources/Events.o
 .debug_macro   0x0000d4bf      0x166 ./Sources/Events.o
 .debug_macro   0x0000d625       0x52 ./Sources/Events.o
 .debug_macro   0x0000d677       0x16 ./Sources/Events.o
 .debug_macro   0x0000d68d       0x43 ./Sources/Events.o
 .debug_macro   0x0000d6d0      0x180 ./Sources/Events.o
 .debug_macro   0x0000d850      0x2a6 ./Sources/Events.o
 .debug_macro   0x0000daf6       0x10 ./Sources/Events.o
 .debug_macro   0x0000db06       0x35 ./Sources/Events.o
 .debug_macro   0x0000db3b       0x1c ./Sources/Events.o
 .debug_macro   0x0000db57       0x10 ./Sources/Events.o
 .debug_macro   0x0000db67       0x10 ./Sources/Events.o
 .debug_macro   0x0000db77       0x22 ./Sources/Events.o
 .debug_macro   0x0000db99       0xbd ./Sources/Events.o
 .debug_macro   0x0000dc56       0x16 ./Sources/Events.o
 .debug_macro   0x0000dc6c      0x14a ./Sources/Events.o
 .debug_macro   0x0000ddb6      0x2f1 ./Sources/main.o
 .debug_macro   0x0000e0a7       0x16 ./Sources/main.o
 .debug_macro   0x0000e0bd       0x97 ./Sources/main.o
 .debug_macro   0x0000e154       0xef ./Sources/main.o
 .debug_macro   0x0000e243       0x16 ./Sources/main.o
 .debug_macro   0x0000e259       0x22 ./Sources/main.o
 .debug_macro   0x0000e27b       0x16 ./Sources/main.o
 .debug_macro   0x0000e291       0x10 ./Sources/main.o
 .debug_macro   0x0000e2a1       0x3a ./Sources/main.o
 .debug_macro   0x0000e2db      0x121 ./Project_Settings/Startup_Code/startup.o
 .debug_macro   0x0000e3fc       0x4a ./Project_Settings/Startup_Code/startup.o
 .debug_macro   0x0000e446       0x10 ./Project_Settings/Startup_Code/startup.o
 .debug_macro   0x0000e456      0x20f ./Project_Settings/Startup_Code/startup.o
 .debug_macro   0x0000e665     0x9b93 ./Project_Settings/Startup_Code/startup.o
 .debug_macro   0x000181f8      0x1bd ./Generated_Code/ADC.o
 .debug_macro   0x000183b5       0x9a ./Generated_Code/ADC.o
 .debug_macro   0x0001844f       0xc5 ./Generated_Code/ASerialLdd1.o
 .debug_macro   0x00018514       0x5f ./Generated_Code/ASerialLdd1.o
 .debug_macro   0x00018573       0x26 ./Generated_Code/ASerialLdd1.o
 .debug_macro   0x00018599      0x7ab ./Generated_Code/ASerialLdd1.o
 .debug_macro   0x00018d44      0x9b1 ./Generated_Code/ASerialLdd1.o
 .debug_macro   0x000196f5       0xd3 ./Generated_Code/AdcLdd1.o
 .debug_macro   0x000197c8       0xa6 ./Generated_Code/BitIoLdd1.o
 .debug_macro   0x0001986e       0xa6 ./Generated_Code/BitIoLdd2.o
 .debug_macro   0x00019914       0x46 ./Generated_Code/BitIoLdd2.o
 .debug_macro   0x0001995a       0xa6 ./Generated_Code/BitIoLdd3.o
 .debug_macro   0x00019a00      0x1bf ./Generated_Code/Cpu.o
 .debug_macro   0x00019bbf      0x229 ./Generated_Code/Inhr1.o
 .debug_macro   0x00019de8      0x16f ./Generated_Code/PE_LDD.o
 .debug_macro   0x00019f57       0xb5 ./Generated_Code/RealTimeLdd1.o
 .debug_macro   0x0001a00c       0xbb ./Generated_Code/TU1.o
 .debug_macro   0x0001a0c7       0xb2 ./Generated_Code/Term1.o
 .debug_macro   0x0001a179       0x34 ./Generated_Code/Term1.o
 .debug_macro   0x0001a1ad      0x1bc ./Generated_Code/Vectors.o

.debug_line     0x00000000     0x47b7
 .debug_line    0x00000000      0x572 ./Sources/Events.o
 .debug_line    0x00000572      0x6af ./Sources/main.o
 .debug_line    0x00000c21      0x445 ./Project_Settings/Startup_Code/startup.o
 .debug_line    0x00001066      0x50b ./Generated_Code/ADC.o
 .debug_line    0x00001571      0x3fb ./Generated_Code/ASerialLdd1.o
 .debug_line    0x0000196c      0x3e6 ./Generated_Code/AdcLdd1.o
 .debug_line    0x00001d52      0x345 ./Generated_Code/BitIoLdd1.o
 .debug_line    0x00002097      0x345 ./Generated_Code/BitIoLdd2.o
 .debug_line    0x000023dc      0x345 ./Generated_Code/BitIoLdd3.o
 .debug_line    0x00002721      0x5e1 ./Generated_Code/Cpu.o
 .debug_line    0x00002d02      0x60c ./Generated_Code/Inhr1.o
 .debug_line    0x0000330e      0x3e4 ./Generated_Code/PE_LDD.o
 .debug_line    0x000036f2      0x387 ./Generated_Code/RealTimeLdd1.o
 .debug_line    0x00003a79      0x331 ./Generated_Code/TU1.o
 .debug_line    0x00003daa      0x4b3 ./Generated_Code/Term1.o
 .debug_line    0x0000425d      0x55a ./Generated_Code/Vectors.o

.debug_str      0x00000000    0x60e28
 .debug_str     0x00000000    0x512c2 ./Sources/Events.o
                              0x5149e (size before relaxing)
 .debug_str     0x000512c2      0x239 ./Sources/main.o
                              0x5168b (size before relaxing)
 .debug_str     0x000514fb      0x114 ./Project_Settings/Startup_Code/startup.o
                              0x3a204 (size before relaxing)
 .debug_str     0x0005160f      0x146 ./Generated_Code/ADC.o
                              0x4e695 (size before relaxing)
 .debug_str     0x00051755     0xe77e ./Generated_Code/ASerialLdd1.o
                              0x4dd6a (size before relaxing)
 .debug_str     0x0005fed3      0x309 ./Generated_Code/AdcLdd1.o
                              0x44644 (size before relaxing)
 .debug_str     0x000601dc       0xf3 ./Generated_Code/BitIoLdd1.o
                              0x3fed4 (size before relaxing)
 .debug_str     0x000602cf       0xb1 ./Generated_Code/BitIoLdd2.o
                              0x3fed4 (size before relaxing)
 .debug_str     0x00060380       0xb1 ./Generated_Code/BitIoLdd3.o
                              0x3fed4 (size before relaxing)
 .debug_str     0x00060431      0x240 ./Generated_Code/Cpu.o
                              0x4e8f8 (size before relaxing)
 .debug_str     0x00060671      0x250 ./Generated_Code/Inhr1.o
                              0x4e827 (size before relaxing)
 .debug_str     0x000608c1      0x177 ./Generated_Code/PE_LDD.o
                              0x4e6f0 (size before relaxing)
 .debug_str     0x00060a38      0x101 ./Generated_Code/RealTimeLdd1.o
                              0x4845e (size before relaxing)
 .debug_str     0x00060b39      0x197 ./Generated_Code/TU1.o
                              0x485d9 (size before relaxing)
 .debug_str     0x00060cd0      0x13c ./Generated_Code/Term1.o
                              0x3f226 (size before relaxing)
 .debug_str     0x00060e0c       0x1c ./Generated_Code/Vectors.o
                              0x4e583 (size before relaxing)

.comment        0x00000000       0x70
 .comment       0x00000000       0x70 ./Sources/Events.o
                                 0x71 (size before relaxing)
 .comment       0x00000000       0x71 ./Sources/main.o
 .comment       0x00000000       0x71 ./Project_Settings/Startup_Code/startup.o
 .comment       0x00000000       0x71 ./Generated_Code/ADC.o
 .comment       0x00000000       0x71 ./Generated_Code/ASerialLdd1.o
 .comment       0x00000000       0x71 ./Generated_Code/AdcLdd1.o
 .comment       0x00000000       0x71 ./Generated_Code/BitIoLdd1.o
 .comment       0x00000000       0x71 ./Generated_Code/BitIoLdd2.o
 .comment       0x00000000       0x71 ./Generated_Code/BitIoLdd3.o
 .comment       0x00000000       0x71 ./Generated_Code/Cpu.o
 .comment       0x00000000       0x71 ./Generated_Code/Inhr1.o
 .comment       0x00000000       0x71 ./Generated_Code/PE_LDD.o
 .comment       0x00000000       0x71 ./Generated_Code/RealTimeLdd1.o
 .comment       0x00000000       0x71 ./Generated_Code/TU1.o
 .comment       0x00000000       0x71 ./Generated_Code/Term1.o
 .comment       0x00000000       0x71 ./Generated_Code/Vectors.o

.debug_frame    0x00000000     0x1278
 .debug_frame   0x00000000       0x78 ./Sources/Events.o
 .debug_frame   0x00000078       0xac ./Sources/main.o
 .debug_frame   0x00000124       0xc0 ./Project_Settings/Startup_Code/startup.o
 .debug_frame   0x000001e4       0xc4 ./Generated_Code/ADC.o
 .debug_frame   0x000002a8       0xec ./Generated_Code/ASerialLdd1.o
 .debug_frame   0x00000394      0x114 ./Generated_Code/AdcLdd1.o
 .debug_frame   0x000004a8       0xb8 ./Generated_Code/BitIoLdd1.o
 .debug_frame   0x00000560       0xb8 ./Generated_Code/BitIoLdd2.o
 .debug_frame   0x00000618       0xb8 ./Generated_Code/BitIoLdd3.o
 .debug_frame   0x000006d0       0xa4 ./Generated_Code/Cpu.o
 .debug_frame   0x00000774      0x118 ./Generated_Code/Inhr1.o
 .debug_frame   0x0000088c       0x64 ./Generated_Code/PE_LDD.o
 .debug_frame   0x000008f0       0xac ./Generated_Code/RealTimeLdd1.o
 .debug_frame   0x0000099c       0x6c ./Generated_Code/TU1.o
 .debug_frame   0x00000a08      0x1b8 ./Generated_Code/Term1.o
 .debug_frame   0x00000bc0       0x28 d:/kinetics design studio/toolchain/bin/../lib/gcc/arm-none-eabi/4.8.4/../../../../arm-none-eabi/lib/armv7e-m\libg_s.a(lib_a-exit.o)
 .debug_frame   0x00000be8       0x2c d:/kinetics design studio/toolchain/bin/../lib/gcc/arm-none-eabi/4.8.4/../../../../arm-none-eabi/lib/armv7e-m\libg_s.a(lib_a-init.o)
 .debug_frame   0x00000c14       0x20 d:/kinetics design studio/toolchain/bin/../lib/gcc/arm-none-eabi/4.8.4/../../../../arm-none-eabi/lib/armv7e-m\libg_s.a(lib_a-memset.o)
 .debug_frame   0x00000c34       0x44 d:/kinetics design studio/toolchain/bin/../lib/gcc/arm-none-eabi/4.8.4/../../../../arm-none-eabi/lib/armv7e-m\libg_s.a(lib_a-rand.o)
 .debug_frame   0x00000c78       0x60 d:/kinetics design studio/toolchain/bin/../lib/gcc/arm-none-eabi/4.8.4/../../../../arm-none-eabi/lib/armv7e-m\libg_s.a(lib_a-sscanf.o)
 .debug_frame   0x00000cd8       0x80 d:/kinetics design studio/toolchain/bin/../lib/gcc/arm-none-eabi/4.8.4/../../../../arm-none-eabi/lib/armv7e-m\libg_s.a(lib_a-stdio.o)
 .debug_frame   0x00000d58       0x20 d:/kinetics design studio/toolchain/bin/../lib/gcc/arm-none-eabi/4.8.4/../../../../arm-none-eabi/lib/armv7e-m\libg_s.a(lib_a-strlen.o)
 .debug_frame   0x00000d78       0x6c d:/kinetics design studio/toolchain/bin/../lib/gcc/arm-none-eabi/4.8.4/../../../../arm-none-eabi/lib/armv7e-m\libg_s.a(lib_a-svfscanf.o)
 .debug_frame   0x00000de4       0x5c d:/kinetics design studio/toolchain/bin/../lib/gcc/arm-none-eabi/4.8.4/../../../../arm-none-eabi/lib/armv7e-m\libg_s.a(lib_a-ungetc.o)
 .debug_frame   0x00000e40       0x58 d:/kinetics design studio/toolchain/bin/../lib/gcc/arm-none-eabi/4.8.4/../../../../arm-none-eabi/lib/armv7e-m\libg_s.a(lib_a-vfscanf_i.o)
 .debug_frame   0x00000e98      0x12c d:/kinetics design studio/toolchain/bin/../lib/gcc/arm-none-eabi/4.8.4/../../../../arm-none-eabi/lib/armv7e-m\libg_s.a(lib_a-findfp.o)
 .debug_frame   0x00000fc4       0x30 d:/kinetics design studio/toolchain/bin/../lib/gcc/arm-none-eabi/4.8.4/../../../../arm-none-eabi/lib/armv7e-m\libg_s.a(lib_a-malloc.o)
 .debug_frame   0x00000ff4       0x28 d:/kinetics design studio/toolchain/bin/../lib/gcc/arm-none-eabi/4.8.4/../../../../arm-none-eabi/lib/armv7e-m\libg_s.a(lib_a-memchr-stub.o)
 .debug_frame   0x0000101c       0x28 d:/kinetics design studio/toolchain/bin/../lib/gcc/arm-none-eabi/4.8.4/../../../../arm-none-eabi/lib/armv7e-m\libg_s.a(lib_a-memcpy-stub.o)
 .debug_frame   0x00001044       0x2c d:/kinetics design studio/toolchain/bin/../lib/gcc/arm-none-eabi/4.8.4/../../../../arm-none-eabi/lib/armv7e-m\libg_s.a(lib_a-nano-freer.o)
 .debug_frame   0x00001070       0x2c d:/kinetics design studio/toolchain/bin/../lib/gcc/arm-none-eabi/4.8.4/../../../../arm-none-eabi/lib/armv7e-m\libg_s.a(lib_a-nano-mallocr.o)
 .debug_frame   0x0000109c       0x30 d:/kinetics design studio/toolchain/bin/../lib/gcc/arm-none-eabi/4.8.4/../../../../arm-none-eabi/lib/armv7e-m\libg_s.a(lib_a-nano-reallocr.o)
 .debug_frame   0x000010cc       0x48 d:/kinetics design studio/toolchain/bin/../lib/gcc/arm-none-eabi/4.8.4/../../../../arm-none-eabi/lib/armv7e-m\libg_s.a(lib_a-reent.o)
 .debug_frame   0x00001114       0x2c d:/kinetics design studio/toolchain/bin/../lib/gcc/arm-none-eabi/4.8.4/../../../../arm-none-eabi/lib/armv7e-m\libg_s.a(lib_a-sbrkr.o)
 .debug_frame   0x00001140       0x30 d:/kinetics design studio/toolchain/bin/../lib/gcc/arm-none-eabi/4.8.4/../../../../arm-none-eabi/lib/armv7e-m\libg_s.a(lib_a-sccl.o)
 .debug_frame   0x00001170       0x54 d:/kinetics design studio/toolchain/bin/../lib/gcc/arm-none-eabi/4.8.4/../../../../arm-none-eabi/lib/armv7e-m\libg_s.a(lib_a-strtol.o)
 .debug_frame   0x000011c4       0x54 d:/kinetics design studio/toolchain/bin/../lib/gcc/arm-none-eabi/4.8.4/../../../../arm-none-eabi/lib/armv7e-m\libg_s.a(lib_a-strtoul.o)
 .debug_frame   0x00001218       0x20 d:/kinetics design studio/toolchain/bin/../lib/gcc/arm-none-eabi/4.8.4/../../../../arm-none-eabi/lib/armv7e-m\libg_s.a(lib_a-nano-msizer.o)
 .debug_frame   0x00001238       0x20 d:/kinetics design studio/toolchain/bin/../lib/gcc/arm-none-eabi/4.8.4/../../../../arm-none-eabi/lib/armv7e-m\libnosys.a(sbrk.o)
 .debug_frame   0x00001258       0x20 d:/kinetics design studio/toolchain/bin/../lib/gcc/arm-none-eabi/4.8.4/../../../../arm-none-eabi/lib/armv7e-m\libnosys.a(_exit.o)

.stabstr        0x00000000       0xdf
 .stabstr       0x00000000       0xdf d:/kinetics design studio/toolchain/bin/../lib/gcc/arm-none-eabi/4.8.4/../../../../arm-none-eabi/lib/armv7e-m\libnosys.a(close.o)
